Component: Arm Compiler for Embedded 6.23 Tool: armlink [5f102400]

==============================================================================

Section Cross References

    startup_stm32f405xx.o(STACK) refers (Special) to heapauxi.o(.text) for __use_two_region_memory
    startup_stm32f405xx.o(HEAP) refers (Special) to heapauxi.o(.text) for __use_two_region_memory
    startup_stm32f405xx.o(RESET) refers (Special) to heapauxi.o(.text) for __use_two_region_memory
    startup_stm32f405xx.o(RESET) refers to startup_stm32f405xx.o(STACK) for __initial_sp
    startup_stm32f405xx.o(RESET) refers to startup_stm32f405xx.o(.text) for Reset_Handler
    startup_stm32f405xx.o(RESET) refers to stm32f4xx_it.o(.text.NMI_Handler) for NMI_Handler
    startup_stm32f405xx.o(RESET) refers to stm32f4xx_it.o(.text.HardFault_Handler) for HardFault_Handler
    startup_stm32f405xx.o(RESET) refers to stm32f4xx_it.o(.text.MemManage_Handler) for MemManage_Handler
    startup_stm32f405xx.o(RESET) refers to stm32f4xx_it.o(.text.BusFault_Handler) for BusFault_Handler
    startup_stm32f405xx.o(RESET) refers to stm32f4xx_it.o(.text.UsageFault_Handler) for UsageFault_Handler
    startup_stm32f405xx.o(RESET) refers to port.o(.text.SVC_Handler) for SVC_Handler
    startup_stm32f405xx.o(RESET) refers to stm32f4xx_it.o(.text.DebugMon_Handler) for DebugMon_Handler
    startup_stm32f405xx.o(RESET) refers to port.o(.text.PendSV_Handler) for PendSV_Handler
    startup_stm32f405xx.o(RESET) refers to cmsis_os2.o(.text.SysTick_Handler) for SysTick_Handler
    startup_stm32f405xx.o(RESET) refers to stm32f4xx_it.o(.text.USART1_IRQHandler) for USART1_IRQHandler
    startup_stm32f405xx.o(RESET) refers to stm32f4xx_it.o(.text.TIM7_IRQHandler) for TIM7_IRQHandler
    startup_stm32f405xx.o(RESET) refers to stm32f4xx_it.o(.text.DMA2_Stream2_IRQHandler) for DMA2_Stream2_IRQHandler
    startup_stm32f405xx.o(RESET) refers to stm32f4xx_it.o(.text.DMA2_Stream7_IRQHandler) for DMA2_Stream7_IRQHandler
    startup_stm32f405xx.o(.text) refers (Special) to heapauxi.o(.text) for __use_two_region_memory
    startup_stm32f405xx.o(.text) refers to system_stm32f4xx.o(.text.SystemInit) for SystemInit
    startup_stm32f405xx.o(.text) refers to __main.o(!!!main) for __main
    startup_stm32f405xx.o(.text) refers to startup_stm32f405xx.o(HEAP) for Heap_Mem
    startup_stm32f405xx.o(.text) refers to startup_stm32f405xx.o(STACK) for Stack_Mem
    main.o(.text.PWM_Light_Config) refers to stm32f4xx_hal_gpio.o(.text.HAL_GPIO_WritePin) for HAL_GPIO_WritePin
    main.o(.text.PWM_Light_Config) refers to cmsis_os2.o(.text.osDelay) for osDelay
    main.o(.ARM.exidx.text.PWM_Light_Config) refers to main.o(.text.PWM_Light_Config) for [Anonymous Symbol]
    main.o(.text.main) refers to stm32f4xx_hal.o(.text.HAL_Init) for HAL_Init
    main.o(.text.main) refers to main.o(.text.SystemClock_Config) for SystemClock_Config
    main.o(.text.main) refers to gpio.o(.text.MX_GPIO_Init) for MX_GPIO_Init
    main.o(.text.main) refers to dma.o(.text.MX_DMA_Init) for MX_DMA_Init
    main.o(.text.main) refers to tim.o(.text.MX_TIM2_Init) for MX_TIM2_Init
    main.o(.text.main) refers to usart.o(.text.MX_USART1_UART_Init) for MX_USART1_UART_Init
    main.o(.text.main) refers to tim.o(.text.MX_TIM10_Init) for MX_TIM10_Init
    main.o(.text.main) refers to i2c.o(.text.MX_I2C2_Init) for MX_I2C2_Init
    main.o(.text.main) refers to usart.o(.bss.huart1) for huart1
    main.o(.text.main) refers to main.o(.bss.rx_buffer) for rx_buffer
    main.o(.text.main) refers to stm32f4xx_hal_uart.o(.text.HAL_UARTEx_ReceiveToIdle_DMA) for HAL_UARTEx_ReceiveToIdle_DMA
    main.o(.text.main) refers to usart.o(.bss.hdma_usart1_rx) for hdma_usart1_rx
    main.o(.text.main) refers to cmsis_os2.o(.text.osKernelInitialize) for osKernelInitialize
    main.o(.text.main) refers to freertos.o(.text.MX_FREERTOS_Init) for MX_FREERTOS_Init
    main.o(.text.main) refers to cmsis_os2.o(.text.osKernelStart) for osKernelStart
    main.o(.ARM.exidx.text.main) refers to main.o(.text.main) for [Anonymous Symbol]
    main.o(.text.SystemClock_Config) refers to rt_memclr_w.o(.text) for __aeabi_memclr4
    main.o(.text.SystemClock_Config) refers to stm32f4xx_hal_rcc.o(.text.HAL_RCC_OscConfig) for HAL_RCC_OscConfig
    main.o(.text.SystemClock_Config) refers to stm32f4xx_hal_rcc.o(.text.HAL_RCC_ClockConfig) for HAL_RCC_ClockConfig
    main.o(.ARM.exidx.text.SystemClock_Config) refers to main.o(.text.SystemClock_Config) for [Anonymous Symbol]
    main.o(.ARM.exidx.text.Error_Handler) refers to main.o(.text.Error_Handler) for [Anonymous Symbol]
    main.o(.text.HAL_UARTEx_RxEventCallback) refers to usart.o(.bss.hdma_usart1_rx) for hdma_usart1_rx
    main.o(.text.HAL_UARTEx_RxEventCallback) refers to main.o(.bss.rx_data_len) for rx_data_len
    main.o(.text.HAL_UARTEx_RxEventCallback) refers to main.o(.bss.rx_buffer) for rx_buffer
[...]
    .L_MergedGlobals                         0x20000088   Data         120  tasks.o(.bss..L_MergedGlobals)
    [Anonymous Symbol]                       0x20000088   Section        0  tasks.o(.bss..L_MergedGlobals)
    uxTaskNumber                             0x2000008c   Data           4  tasks.o(.bss..L_MergedGlobals)
    uxDeletedTasksWaitingCleanUp             0x20000090   Data           4  tasks.o(.bss..L_MergedGlobals)
    uxCurrentNumberOfTasks                   0x20000094   Data           4  tasks.o(.bss..L_MergedGlobals)
    xSchedulerRunning                        0x20000098   Data           4  tasks.o(.bss..L_MergedGlobals)
    uxSchedulerSuspended                     0x2000009c   Data           4  tasks.o(.bss..L_MergedGlobals)
    xTickCount                               0x200000a0   Data           4  tasks.o(.bss..L_MergedGlobals)
    pxDelayedTaskList                        0x200000a4   Data           4  tasks.o(.bss..L_MergedGlobals)
    pxOverflowDelayedTaskList                0x200000a8   Data           4  tasks.o(.bss..L_MergedGlobals)
    uxTopReadyPriority                       0x200000ac   Data           4  tasks.o(.bss..L_MergedGlobals)
    xIdleTaskHandle                          0x200000b0   Data           4  tasks.o(.bss..L_MergedGlobals)
    xNextTaskUnblockTime                     0x200000b4   Data           4  tasks.o(.bss..L_MergedGlobals)
    xYieldPending                            0x200000b8   Data           4  tasks.o(.bss..L_MergedGlobals)
    xPendedTicks                             0x200000bc   Data           4  tasks.o(.bss..L_MergedGlobals)
    xNumOfOverflows                          0x200000c0   Data           4  tasks.o(.bss..L_MergedGlobals)
    xTasksWaitingTermination                 0x200000c4   Data          20  tasks.o(.bss..L_MergedGlobals)
    xSuspendedTaskList                       0x200000d8   Data          20  tasks.o(.bss..L_MergedGlobals)
    xPendingReadyList                        0x200000ec   Data          20  tasks.o(.bss..L_MergedGlobals)
    .L_MergedGlobals                         0x20000100   Data          60  timers.o(.bss..L_MergedGlobals)
    xTimerQueue                              0x20000100   Data           4  timers.o(.bss..L_MergedGlobals)
    [Anonymous Symbol]                       0x20000100   Section        0  timers.o(.bss..L_MergedGlobals)
    xTimerTaskHandle                         0x20000104   Data           4  timers.o(.bss..L_MergedGlobals)
    pxCurrentTimerList                       0x20000108   Data           4  timers.o(.bss..L_MergedGlobals)
    pxOverflowTimerList                      0x2000010c   Data           4  timers.o(.bss..L_MergedGlobals)
    prvSampleTimeNow.xLastTime               0x20000110   Data           4  timers.o(.bss..L_MergedGlobals)
    xActiveTimerList1                        0x20000114   Data          20  timers.o(.bss..L_MergedGlobals)
    xActiveTimerList2                        0x20000128   Data          20  timers.o(.bss..L_MergedGlobals)
    .L_MergedGlobals                         0x2000013c   Data          32  heap_4.o(.bss..L_MergedGlobals)
    xBlockAllocatedBit                       0x2000013c   Data           1  heap_4.o(.bss..L_MergedGlobals)
    [Anonymous Symbol]                       0x2000013c   Section        0  heap_4.o(.bss..L_MergedGlobals)
    pxEnd                                    0x20000140   Data           4  heap_4.o(.bss..L_MergedGlobals)
    xFreeBytesRemaining                      0x20000144   Data           4  heap_4.o(.bss..L_MergedGlobals)
    xMinimumEverFreeBytesRemaining           0x20000148   Data           4  heap_4.o(.bss..L_MergedGlobals)
    xNumberOfSuccessfulAllocations           0x2000014c   Data           4  heap_4.o(.bss..L_MergedGlobals)
    xNumberOfSuccessfulFrees                 0x20000150   Data           4  heap_4.o(.bss..L_MergedGlobals)
    xStart                                   0x20000154   Data           8  heap_4.o(.bss..L_MergedGlobals)
    .L_MergedGlobals                         0x2000015c   Data           8  port.o(.bss..L_MergedGlobals)
    ucMaxSysCallPriority                     0x2000015c   Data           1  port.o(.bss..L_MergedGlobals)
    [Anonymous Symbol]                       0x2000015c   Section        0  port.o(.bss..L_MergedGlobals)
    ulMaxPRIGROUPValue                       0x20000160   Data           4  port.o(.bss..L_MergedGlobals)
    .L_MergedGlobals.2                       0x20000164   Data          40  tasks.o(.bss..L_MergedGlobals.2)
    xDelayedTaskList1                        0x20000164   Data          20  tasks.o(.bss..L_MergedGlobals.2)
    [Anonymous Symbol]                       0x20000164   Section        0  tasks.o(.bss..L_MergedGlobals.2)
    xDelayedTaskList2                        0x20000178   Data          20  tasks.o(.bss..L_MergedGlobals.2)
    KernelState                              0x2000018c   Data           4  cmsis_os2.o(.bss.KernelState)
    [Anonymous Symbol]                       0x2000018c   Section        0  cmsis_os2.o(.bss.KernelState)
    OLED_SendCmd.sendBuffer                  0x20000590   Data           2  oled.o(.bss.OLED_SendCmd.sendBuffer)
    [Anonymous Symbol]                       0x20000590   Section        0  oled.o(.bss.OLED_SendCmd.sendBuffer)
    OLED_ShowFrame.sendBuffer                0x20000592   Data         129  oled.o(.bss.OLED_ShowFrame.sendBuffer)
    [Anonymous Symbol]                       0x20000592   Section        0  oled.o(.bss.OLED_ShowFrame.sendBuffer)
    prvCheckForValidListAndQueue.ucStaticTimerQueueStorage 0x20000848   Data         160  timers.o(.bss.prvCheckForValidListAndQueue.ucStaticTimerQueueStorage)
    [Anonymous Symbol]                       0x20000848   Section        0  timers.o(.bss.prvCheckForValidListAndQueue.ucStaticTimerQueueStorage)
    prvCheckForValidListAndQueue.xStaticTimerQueue 0x200008e8   Data          80  timers.o(.bss.prvCheckForValidListAndQueue.xStaticTimerQueue)
    [Anonymous Symbol]                       0x200008e8   Section        0  timers.o(.bss.prvCheckForValidListAndQueue.xStaticTimerQueue)
    pxReadyTasksLists                        0x20000938   Data        1120  tasks.o(.bss.pxReadyTasksLists)
    [Anonymous Symbol]                       0x20000938   Section        0  tasks.o(.bss.pxReadyTasksLists)
    ucHeap                                   0x20000e1a   Data       15360  heap_4.o(.bss.ucHeap)
    [Anonymous Symbol]                       0x20000e1a   Section        0  heap_4.o(.bss.ucHeap)
    vApplicationGetIdleTaskMemory.Idle_Stack 0x20004a20   Data         512  cmsis_os2.o(.bss.vApplicationGetIdleTaskMemory.Idle_Stack)
    [Anonymous Symbol]                       0x20004a20   Section        0  cmsis_os2.o(.bss.vApplicationGetIdleTaskMemory.Idle_Stack)
    vApplicationGetIdleTaskMemory.Idle_TCB   0x20004c20   Data          92  cmsis_os2.o(.bss.vApplicationGetIdleTaskMemory.Idle_TCB)
    [Anonymous Symbol]                       0x20004c20   Section        0  cmsis_os2.o(.bss.vApplicationGetIdleTaskMemory.Idle_TCB)
    vApplicationGetTimerTaskMemory.Timer_Stack 0x20004c7c   Data        1024  cmsis_os2.o(.bss.vApplicationGetTimerTaskMemory.Timer_Stack)
    [Anonymous Symbol]                       0x20004c7c   Section        0  cmsis_os2.o(.bss.vApplicationGetTimerTaskMemory.Timer_Stack)
    vApplicationGetTimerTaskMemory.Timer_TCB 0x2000507c   Data          92  cmsis_os2.o(.bss.vApplicationGetTimerTaskMemory.Timer_TCB)
    [Anonymous Symbol]                       0x2000507c   Section        0  cmsis_os2.o(.bss.vApplicationGetTimerTaskMemory.Timer_TCB)
    Heap_Mem                                 0x20005118   Data         512  startup_stm32f405xx.o(HEAP)
    HEAP                                     0x20005118   Section      512  startup_stm32f405xx.o(HEAP)
    Stack_Mem                                0x20005318   Data        1024  startup_stm32f405xx.o(STACK)
    STACK                                    0x20005318   Section     1024  startup_stm32f405xx.o(STACK)
    __initial_sp                             0x20005718   Data           0  startup_stm32f405xx.o(STACK)

    Global Symbols

    Symbol Name                              Value     Ov Type        Size  Object(Section)

    BuildAttributes$$THM_ISAv4$E$P$D$K$B$S$7EM$VFPi3$EXTD16$VFPS$VFMA$PE$A:L22UL41UL21$X:L11$S22US41US21$IEEE1$IW$~IW$USESV6$~STKCKD$USESV7$~SHL$OTIME$ROPI$EBA8$UX$STANDARDLIB$REQ8$PRES8$EABIv2 0x00000000   Number         0  anon$$obj.o ABSOLUTE
    __ARM_exceptions_init                     - Undefined Weak Reference
    __alloca_initialize                       - Undefined Weak Reference
    __arm_preinit_                            - Undefined Weak Reference
    __arm_relocate_pie_                       - Undefined Weak Reference
    __cpp_initialize__aeabi_                  - Undefined Weak Reference
    __cxa_finalize                            - Undefined Weak Reference
    __sigvec_lookup                           - Undefined Weak Reference
    _atexit_init                              - Undefined Weak Reference
    _call_atexit_fns                          - Undefined Weak Reference
    _clock_init                               - Undefined Weak Reference
    _fp_trap_init                             - Undefined Weak Reference
    _fp_trap_shutdown                         - Undefined Weak Reference
    _get_lc_collate                           - Undefined Weak Reference
    _get_lc_monetary                          - Undefined Weak Reference
    _get_lc_numeric                           - Undefined Weak Reference
    _get_lc_time                              - Undefined Weak Reference
    _getenv_init                              - Undefined Weak Reference
    _handle_redirection                       - Undefined Weak Reference
    _init_alloc                               - Undefined Weak Reference
    _init_user_alloc                          - Undefined Weak Reference
    _initio                                   - Undefined Weak Reference
    _rand_init                                - Undefined Weak Reference
    _signal_finish                            - Undefined Weak Reference
    _signal_init                              - Undefined Weak Reference
    _terminate_alloc                          - Undefined Weak Reference
    _terminate_user_alloc                     - Undefined Weak Reference
    _terminateio                              - Undefined Weak Reference
    __Vectors_Size                           0x00000188   Number         0  startup_stm32f405xx.o ABSOLUTE
    __Vectors                                0x08000000   Data           4  startup_stm32f405xx.o(RESET)
    __Vectors_End                            0x08000188   Data           0  startup_stm32f405xx.o(RESET)
    __main                                   0x08000189   Thumb Code     8  __main.o(!!!main)
    __scatterload                            0x08000191   Thumb Code     0  __scatter.o(!!!scatter)
    __scatterload_rt2                        0x08000191   Thumb Code    84  __scatter.o(!!!scatter)
    __scatterload_rt2_thumb_only             0x08000191   Thumb Code     0  __scatter.o(!!!scatter)
    __scatterload_loop                       0x0800019b   Thumb Code     0  __scatter.o(!!!scatter)
    __scatterload_copy                       0x080001ed   Thumb Code    26  __scatter_copy.o(!!handler_copy)
    __scatterload_null                       0x08000209   Thumb Code     2  __scatter.o(!!handler_null)
    __scatterload_zeroinit                   0x0800020d   Thumb Code    28  __scatter_zi.o(!!handler_zi)
    __rt_lib_init                            0x08000229   Thumb Code     0  libinit.o(.ARM.Collect$$libinit$$00000000)
    __rt_lib_init_fp_1                       0x0800022b   Thumb Code     0  libinit2.o(.ARM.Collect$$libinit$$00000001)
    __rt_lib_init_heap_1                     0x0800022f   Thumb Code     0  libinit2.o(.ARM.Collect$$libinit$$0000000C)
    __rt_lib_init_lc_common                  0x0800022f   Thumb Code     0  libinit2.o(.ARM.Collect$$libinit$$00000011)
    __rt_lib_init_preinit_1                  0x0800022f   Thumb Code     0  libinit2.o(.ARM.Collect$$libinit$$00000006)
    __rt_lib_init_rand_1                     0x0800022f   Thumb Code     0  libinit2.o(.ARM.Collect$$libinit$$00000010)
    __rt_lib_init_relocate_pie_1             0x0800022f   Thumb Code     0  libinit2.o(.ARM.Collect$$libinit$$00000004)
    __rt_lib_init_user_alloc_1               0x0800022f   Thumb Code     0  libinit2.o(.ARM.Collect$$libinit$$0000000E)
    __rt_lib_init_lc_collate_1               0x08000235   Thumb Code     0  libinit2.o(.ARM.Collect$$libinit$$00000013)
    __rt_lib_init_lc_ctype_2                 0x08000235   Thumb Code     0  libinit2.o(.ARM.Collect$$libinit$$00000014)
    __rt_lib_init_alloca_1                   0x08000241   Thumb Code     0  libinit2.o(.ARM.Collect$$libinit$$00000030)
    __rt_lib_init_argv_1                     0x08000241   Thumb Code     0  libinit2.o(.ARM.Collect$$libinit$$0000002E)
    __rt_lib_init_atexit_1                   0x08000241   Thumb Code     0  libinit2.o(.ARM.Collect$$libinit$$0000001D)
    __rt_lib_init_clock_1                    0x08000241   Thumb Code     0  libinit2.o(.ARM.Collect$$libinit$$00000023)
    __rt_lib_init_cpp_1                      0x08000241   Thumb Code     0  libinit2.o(.ARM.Collect$$libinit$$00000034)
    __rt_lib_init_exceptions_1               0x08000241   Thumb Code     0  libinit2.o(.ARM.Collect$$libinit$$00000032)
    __rt_lib_init_fp_trap_1                  0x08000241   Thumb Code     0  libinit2.o(.ARM.Collect$$libinit$$00000021)
    __rt_lib_init_getenv_1                   0x08000241   Thumb Code     0  libinit2.o(.ARM.Collect$$libinit$$00000025)
    __rt_lib_init_lc_ctype_1                 0x08000241   Thumb Code     0  libinit2.o(.ARM.Collect$$libinit$$00000015)
    __rt_lib_init_lc_monetary_1              0x08000241   Thumb Code     0  libinit2.o(.ARM.Collect$$libinit$$00000017)
    __rt_lib_init_lc_numeric_1               0x08000241   Thumb Code     0  libinit2.o(.ARM.Collect$$libinit$$00000019)
    __rt_lib_init_lc_time_1                  0x08000241   Thumb Code     0  libinit2.o(.ARM.Collect$$libinit$$0000001B)
    __rt_lib_init_return                     0x08000241   Thumb Code     0  libinit2.o(.ARM.Collect$$libinit$$00000035)
    __rt_lib_init_signal_1                   0x08000241   Thumb Code     0  libinit2.o(.ARM.Collect$$libinit$$0000001F)
    __rt_lib_init_stdio_1                    0x08000241   Thumb Code     0  libinit2.o(.ARM.Collect$$libinit$$00000027)
    __rt_lib_shutdown                        0x08000243   Thumb Code     0  libshutdown.o(.ARM.Collect$$libshutdown$$00000000)
    __rt_lib_shutdown_cpp_1                  0x08000245   Thumb Code     0  libshutdown2.o(.ARM.Collect$$libshutdown$$00000002)
    __rt_lib_shutdown_fp_trap_1              0x08000245   Thumb Code     0  libshutdown2.o(.ARM.Collect$$libshutdown$$00000007)
    __rt_lib_shutdown_heap_1                 0x08000245   Thumb Code     0  libshutdown2.o(.ARM.Collect$$libshutdown$$0000000F)
    __rt_lib_shutdown_return                 0x08000245   Thumb Code     0  libshutdown2.o(.ARM.Collect$$libshutdown$$00000010)
    __rt_lib_shutdown_signal_1               0x08000245   Thumb Code     0  libshutdown2.o(.ARM.Collect$$libshutdown$$0000000A)
    __rt_lib_shutdown_stdio_1                0x08000245   Thumb Code     0  libshutdown2.o(.ARM.Collect$$libshutdown$$00000004)
    __rt_lib_shutdown_user_alloc_1           0x08000245   Thumb Code     0  libshutdown2.o(.ARM.Collect$$libshutdown$$0000000C)
    __rt_entry                               0x08000247   Thumb Code     0  __rtentry.o(.ARM.Collect$$rtentry$$00000000)
    __rt_entry_presh_1                       0x08000247   Thumb Code     0  __rtentry2.o(.ARM.Collect$$rtentry$$00000002)
    __rt_entry_sh                            0x08000247   Thumb Code     0  __rtentry4.o(.ARM.Collect$$rtentry$$00000004)
    __rt_entry_li                            0x0800024d   Thumb Code     0  __rtentry2.o(.ARM.Collect$$rtentry$$0000000A)
    __rt_entry_postsh_1                      0x0800024d   Thumb Code     0  __rtentry2.o(.ARM.Collect$$rtentry$$00000009)
    __rt_entry_main                          0x08000251   Thumb Code     0  __rtentry2.o(.ARM.Collect$$rtentry$$0000000D)
    __rt_entry_postli_1                      0x08000251   Thumb Code     0  __rtentry2.o(.ARM.Collect$$rtentry$$0000000C)
    __rt_exit                                0x08000259   Thumb Code     0  rtexit.o(.ARM.Collect$$rtexit$$00000000)
    __rt_exit_ls                             0x0800025b   Thumb Code     0  rtexit2.o(.ARM.Collect$$rtexit$$00000003)
    __rt_exit_prels_1                        0x0800025b   Thumb Code     0  rtexit2.o(.ARM.Collect$$rtexit$$00000002)
    __rt_exit_exit                           0x0800025f   Thumb Code     0  rtexit2.o(.ARM.Collect$$rtexit$$00000004)
    Reset_Handler                            0x08000265   Thumb Code     8  startup_stm32f405xx.o(.text)
    ADC_IRQHandler                           0x0800027f   Thumb Code     0  startup_stm32f405xx.o(.text)
    CAN1_RX0_IRQHandler                      0x0800027f   Thumb Code     0  startup_stm32f405xx.o(.text)
    CAN1_RX1_IRQHandler                      0x0800027f   Thumb Code     0  startup_stm32f405xx.o(.text)
    CAN1_SCE_IRQHandler                      0x0800027f   Thumb Code     0  startup_stm32f405xx.o(.text)
    CAN1_TX_IRQHandler                       0x0800027f   Thumb Code     0  startup_stm32f405xx.o(.text)
    CAN2_RX0_IRQHandler                      0x0800027f   Thumb Code     0  startup_stm32f405xx.o(.text)
    CAN2_RX1_IRQHandler                      0x0800027f   Thumb Code     0  startup_stm32f405xx.o(.text)
    CAN2_SCE_IRQHandler                      0x0800027f   Thumb Code     0  startup_stm32f405xx.o(.text)
    CAN2_TX_IRQHandler                       0x0800027f   Thumb Code     0  startup_stm32f405xx.o(.text)
    DMA1_Stream0_IRQHandler                  0x0800027f   Thumb Code     0  startup_stm32f405xx.o(.text)
    DMA1_Stream1_IRQHandler                  0x0800027f   Thumb Code     0  startup_stm32f405xx.o(.text)
    DMA1_Stream2_IRQHandler                  0x0800027f   Thumb Code     0  startup_stm32f405xx.o(.text)
    DMA1_Stream3_IRQHandler                  0x0800027f   Thumb Code     0  startup_stm32f405xx.o(.text)
    DMA1_Stream4_IRQHandler                  0x0800027f   Thumb Code     0  startup_stm32f405xx.o(.text)
    DMA1_Stream5_IRQHandler                  0x0800027f   Thumb Code     0  startup_stm32f405xx.o(.text)
    DMA1_Stream6_IRQHandler                  0x0800027f   Thumb Code     0  startup_stm32f405xx.o(.text)
    DMA1_Stream7_IRQHandler                  0x0800027f   Thumb Code     0  startup_stm32f405xx.o(.text)
    DMA2_Stream0_IRQHandler                  0x0800027f   Thumb Code     0  startup_stm32f405xx.o(.text)
    DMA2_Stream1_IRQHandler                  0x0800027f   Thumb Code     0  startup_stm32f405xx.o(.text)
    DMA2_Stream3_IRQHandler                  0x0800027f   Thumb Code     0  startup_stm32f405xx.o(.text)
    DMA2_Stream4_IRQHandler                  0x0800027f   Thumb Code     0  startup_stm32f405xx.o(.text)
    DMA2_Stream5_IRQHandler                  0x0800027f   Thumb Code     0  startup_stm32f405xx.o(.text)
    DMA2_Stream6_IRQHandler                  0x0800027f   Thumb Code     0  startup_stm32f405xx.o(.text)
    EXTI0_IRQHandler                         0x0800027f   Thumb Code     0  startup_stm32f405xx.o(.text)
    EXTI15_10_IRQHandler                     0x0800027f   Thumb Code     0  startup_stm32f405xx.o(.text)
    EXTI1_IRQHandler                         0x0800027f   Thumb Code     0  startup_stm32f405xx.o(.text)
    EXTI2_IRQHandler                         0x0800027f   Thumb Code     0  startup_stm32f405xx.o(.text)
    EXTI3_IRQHandler                         0x0800027f   Thumb Code     0  startup_stm32f405xx.o(.text)
    EXTI4_IRQHandler                         0x0800027f   Thumb Code     0  startup_stm32f405xx.o(.text)
    EXTI9_5_IRQHandler                       0x0800027f   Thumb Code     0  startup_stm32f405xx.o(.text)
    FLASH_IRQHandler                         0x0800027f   Thumb Code     0  startup_stm32f405xx.o(.text)
    FMC_IRQHandler                           0x0800027f   Thumb Code     0  startup_stm32f405xx.o(.text)
    FPU_IRQHandler                           0x0800027f   Thumb Code     0  startup_stm32f405xx.o(.text)
    HASH_RNG_IRQHandler                      0x0800027f   Thumb Code     0  startup_stm32f405xx.o(.text)
    I2C1_ER_IRQHandler                       0x0800027f   Thumb Code     0  startup_stm32f405xx.o(.text)
    I2C1_EV_IRQHandler                       0x0800027f   Thumb Code     0  startup_stm32f405xx.o(.text)
    I2C2_ER_IRQHandler                       0x0800027f   Thumb Code     0  startup_stm32f405xx.o(.text)
    I2C2_EV_IRQHandler                       0x0800027f   Thumb Code     0  startup_stm32f405xx.o(.text)
    I2C3_ER_IRQHandler                       0x0800027f   Thumb Code     0  startup_stm32f405xx.o(.text)
    I2C3_EV_IRQHandler                       0x0800027f   Thumb Code     0  startup_stm32f405xx.o(.text)
    OTG_FS_IRQHandler                        0x0800027f   Thumb Code     0  startup_stm32f405xx.o(.text)
    OTG_FS_WKUP_IRQHandler                   0x0800027f   Thumb Code     0  startup_stm32f405xx.o(.text)
    OTG_HS_EP1_IN_IRQHandler                 0x0800027f   Thumb Code     0  startup_stm32f405xx.o(.text)
    OTG_HS_EP1_OUT_IRQHandler                0x0800027f   Thumb Code     0  startup_stm32f405xx.o(.text)
    OTG_HS_IRQHandler                        0x0800027f   Thumb Code     0  startup_stm32f405xx.o(.text)
    OTG_HS_WKUP_IRQHandler                   0x0800027f   Thumb Code     0  startup_stm32f405xx.o(.text)
    PVD_IRQHandler                           0x0800027f   Thumb Code     0  startup_stm32f405xx.o(.text)
    RCC_IRQHandler                           0x0800027f   Thumb Code     0  startup_stm32f405xx.o(.text)
    RTC_Alarm_IRQHandler                     0x0800027f   Thumb Code     0  startup_stm32f405xx.o(.text)
    RTC_WKUP_IRQHandler                      0x0800027f   Thumb Code     0  startup_stm32f405xx.o(.text)
    SDIO_IRQHandler                          0x0800027f   Thumb Code     0  startup_stm32f405xx.o(.text)
    SPI1_IRQHandler                          0x0800027f   Thumb Code     0  startup_stm32f405xx.o(.text)
    SPI2_IRQHandler                          0x0800027f   Thumb Code     0  startup_stm32f405xx.o(.text)
    SPI3_IRQHandler                          0x0800027f   Thumb Code     0  startup_stm32f405xx.o(.text)
    TAMP_STAMP_IRQHandler                    0x0800027f   Thumb Code     0  startup_stm32f405xx.o(.text)
    TIM1_BRK_TIM9_IRQHandler                 0x0800027f   Thumb Code     0  startup_stm32f405xx.o(.text)
    TIM1_CC_IRQHandler                       0x0800027f   Thumb Code     0  startup_stm32f405xx.o(.text)
    TIM1_TRG_COM_TIM11_IRQHandler            0x0800027f   Thumb Code     0  startup_stm32f405xx.o(.text)
    TIM1_UP_TIM10_IRQHandler                 0x0800027f   Thumb Code     0  startup_stm32f405xx.o(.text)
    TIM2_IRQHandler                          0x0800027f   Thumb Code     0  startup_stm32f405xx.o(.text)
    TIM3_IRQHandler                          0x0800027f   Thumb Code     0  startup_stm32f405xx.o(.text)
    TIM4_IRQHandler                          0x0800027f   Thumb Code     0  startup_stm32f405xx.o(.text)
    TIM5_IRQHandler                          0x0800027f   Thumb Code     0  startup_stm32f405xx.o(.text)
    TIM6_DAC_IRQHandler                      0x0800027f   Thumb Code     0  startup_stm32f405xx.o(.text)
    TIM8_BRK_TIM12_IRQHandler                0x0800027f   Thumb Code     0  startup_stm32f405xx.o(.text)
    TIM8_CC_IRQHandler                       0x0800027f   Thumb Code     0  startup_stm32f405xx.o(.text)
    TIM8_TRG_COM_TIM14_IRQHandler            0x0800027f   Thumb Code     0  startup_stm32f405xx.o(.text)
    TIM8_UP_TIM13_IRQHandler                 0x0800027f   Thumb Code     0  startup_stm32f405xx.o(.text)
    UART4_IRQHandler                         0x0800027f   Thumb Code     0  startup_stm32f405xx.o(.text)
    UART5_IRQHandler                         0x0800027f   Thumb Code     0  startup_stm32f405xx.o(.text)
    USART2_IRQHandler                        0x0800027f   Thumb Code     0  startup_stm32f405xx.o(.text)
    USART3_IRQHandler                        0x0800027f   Thumb Code     0  startup_stm32f405xx.o(.text)
    USART6_IRQHandler                        0x0800027f   Thumb Code     0  startup_stm32f405xx.o(.text)
    WWDG_IRQHandler                          0x0800027f   Thumb Code     0  startup_stm32f405xx.o(.text)
    __user_initial_stackheap                 0x08000281   Thumb Code     0  startup_stm32f405xx.o(.text)
    __aeabi_uldivmod                         0x080002a5   Thumb Code     0  lludivv7m.o(.text)
    _ll_udiv                                 0x080002a5   Thumb Code   240  lludivv7m.o(.text)
    atoi                                     0x08000395   Thumb Code    26  atoi.o(.text)
    strstr                                   0x080003af   Thumb Code    36  strstr.o(.text)
    memcmp                                   0x080003d3   Thumb Code    88  memcmp.o(.text)
    strlen                                   0x0800042b   Thumb Code    62  strlen.o(.text)
    __aeabi_memcpy                           0x08000469   Thumb Code     0  rt_memcpy_v6.o(.text)
    __rt_memcpy                              0x08000469   Thumb Code   138  rt_memcpy_v6.o(.text)
    _memcpy_lastbytes                        0x080004cf   Thumb Code     0  rt_memcpy_v6.o(.text)
    __aeabi_memset4                          0x080004f3   Thumb Code    16  aeabi_memset4.o(.text)
    __aeabi_memset8                          0x080004f3   Thumb Code     0  aeabi_memset4.o(.text)
    __aeabi_memclr4                          0x08000503   Thumb Code     0  rt_memclr_w.o(.text)
    __aeabi_memclr8                          0x08000503   Thumb Code     0  rt_memclr_w.o(.text)
    __rt_memclr_w                            0x08000503   Thumb Code     0  rt_memclr_w.o(.text)
    _memset_w                                0x08000507   Thumb Code    74  rt_memclr_w.o(.text)
    __use_two_region_memory                  0x08000551   Thumb Code     2  heapauxi.o(.text)
    __rt_heap_escrow$2region                 0x08000553   Thumb Code     2  heapauxi.o(.text)
    __rt_heap_expand$2region                 0x08000555   Thumb Code     2  heapauxi.o(.text)
    __aeabi_errno_addr                       0x08000559   Thumb Code     8  rt_errno_addr_intlibspace.o(.text)
    __errno$intlibspace                      0x08000559   Thumb Code     0  rt_errno_addr_intlibspace.o(.text)
    __rt_errno_addr$intlibspace              0x08000559   Thumb Code     0  rt_errno_addr_intlibspace.o(.text)
    strtol                                   0x08000561   Thumb Code   112  strtol.o(.text)
    __aeabi_memcpy4                          0x080005d1   Thumb Code     0  rt_memcpy_w.o(.text)
    __aeabi_memcpy8                          0x080005d1   Thumb Code     0  rt_memcpy_w.o(.text)
    __rt_memcpy_w                            0x080005d1   Thumb Code   100  rt_memcpy_w.o(.text)
    _memcpy_lastbytes_aligned                0x08000619   Thumb Code     0  rt_memcpy_w.o(.text)
    __user_libspace                          0x08000635   Thumb Code     8  libspace.o(.text)
    __user_perproc_libspace                  0x08000635   Thumb Code     0  libspace.o(.text)
    __user_perthread_libspace                0x08000635   Thumb Code     0  libspace.o(.text)
    __rt_ctype_table                         0x0800063d   Thumb Code    16  rt_ctype_table.o(.text)
    _strtoul                                 0x0800064d   Thumb Code   158  _strtoul.o(.text)
    __user_setup_stackheap                   0x080006eb   Thumb Code    74  sys_stackheap_outer.o(.text)
    __rt_locale                              0x08000735   Thumb Code     8  rt_locale_intlibspace.o(.text)
    _chval                                   0x0800073d   Thumb Code    28  _chval.o(.text)
    exit                                     0x08000759   Thumb Code    18  exit.o(.text)
    strcmp                                   0x08000771   Thumb Code   124  strcmpv7em.o(.text)
    _sys_exit                                0x080007ed   Thumb Code     8  sys_exit.o(.text)
    __I$use$semihosting                      0x080007f9   Thumb Code     0  use_no_semi.o(.text)
    __use_no_semihosting_swi                 0x080007f9   Thumb Code     2  use_no_semi.o(.text)
    __semihosting_library_function           0x080007fb   Thumb Code     0  indicate_semi.o(.text)
    BusFault_Handler                         0x080007fd   Thumb Code     2  stm32f4xx_it.o(.text.BusFault_Handler)
    DMA2_Stream2_IRQHandler                  0x08000801   Thumb Code    12  stm32f4xx_it.o(.text.DMA2_Stream2_IRQHandler)
    DMA2_Stream7_IRQHandler                  0x0800080d   Thumb Code    12  stm32f4xx_it.o(.text.DMA2_Stream7_IRQHandler)
    DebugMon_Handler                         0x08000819   Thumb Code     2  stm32f4xx_it.o(.text.DebugMon_Handler)
    Error_Handler                            0x0800081d   Thumb Code     6  main.o(.text.Error_Handler)
    HAL_DMA_Abort                            0x08000825   Thumb Code   142  stm32f4xx_hal_dma.o(.text.HAL_DMA_Abort)
    HAL_DMA_Abort_IT                         0x080008b5   Thumb Code    36  stm32f4xx_hal_dma.o(.text.HAL_DMA_Abort_IT)
    HAL_DMA_IRQHandler                       0x080008d9   Thumb Code   452  stm32f4xx_hal_dma.o(.text.HAL_DMA_IRQHandler)
    HAL_DMA_Init                             0x08000a9d   Thumb Code   354  stm32f4xx_hal_dma.o(.text.HAL_DMA_Init)
    HAL_DMA_Start_IT                         0x08000c01   Thumb Code   162  stm32f4xx_hal_dma.o(.text.HAL_DMA_Start_IT)
    HAL_Delay                                0x08000ca5   Thumb Code    40  stm32f4xx_hal.o(.text.HAL_Delay)
    HAL_GPIO_Init                            0x08000ccd   Thumb Code   414  stm32f4xx_hal_gpio.o(.text.HAL_GPIO_Init)
    HAL_GPIO_WritePin                        0x08000e6d   Thumb Code    10  stm32f4xx_hal_gpio.o(.text.HAL_GPIO_WritePin)
    HAL_GetTick                              0x08000e79   Thumb Code    12  stm32f4xx_hal.o(.text.HAL_GetTick)
    HAL_I2C_Init                             0x08000e85   Thumb Code   356  stm32f4xx_hal_i2c.o(.text.HAL_I2C_Init)
    HAL_I2C_Master_Transmit                  0x08000fe9   Thumb Code   476  stm32f4xx_hal_i2c.o(.text.HAL_I2C_Master_Transmit)
    HAL_I2C_MspInit                          0x080011c5   Thumb Code   118  i2c.o(.text.HAL_I2C_MspInit)
    HAL_IncTick                              0x0800123d   Thumb Code    26  stm32f4xx_hal.o(.text.HAL_IncTick)
    HAL_Init                                 0x08001259   Thumb Code    54  stm32f4xx_hal.o(.text.HAL_Init)
    HAL_InitTick                             0x08001291   Thumb Code   178  stm32f4xx_hal_timebase_tim.o(.text.HAL_InitTick)
    HAL_MspInit                              0x08001345   Thumb Code    66  stm32f4xx_hal_msp.o(.text.HAL_MspInit)
    HAL_NVIC_EnableIRQ                       0x08001389   Thumb Code    34  stm32f4xx_hal_cortex.o(.text.HAL_NVIC_EnableIRQ)
    HAL_NVIC_SetPriority                     0x080013ad   Thumb Code    86  stm32f4xx_hal_cortex.o(.text.HAL_NVIC_SetPriority)
    HAL_NVIC_SetPriorityGrouping             0x08001405   Thumb Code    32  stm32f4xx_hal_cortex.o(.text.HAL_NVIC_SetPriorityGrouping)
    HAL_RCC_ClockConfig                      0x08001425   Thumb Code   356  stm32f4xx_hal_rcc.o(.text.HAL_RCC_ClockConfig)
    HAL_RCC_GetClockConfig                   0x08001589   Thumb Code    62  stm32f4xx_hal_rcc.o(.text.HAL_RCC_GetClockConfig)
    HAL_RCC_GetPCLK1Freq                     0x080015c9   Thumb Code    38  stm32f4xx_hal_rcc.o(.text.HAL_RCC_GetPCLK1Freq)
    HAL_RCC_GetPCLK2Freq                     0x080015f1   Thumb Code    38  stm32f4xx_hal_rcc.o(.text.HAL_RCC_GetPCLK2Freq)
    HAL_RCC_GetSysClockFreq                  0x08001619   Thumb Code   110  stm32f4xx_hal_rcc.o(.text.HAL_RCC_GetSysClockFreq)
    HAL_RCC_OscConfig                        0x08001689   Thumb Code   940  stm32f4xx_hal_rcc.o(.text.HAL_RCC_OscConfig)
    HAL_TIMEx_BreakCallback                  0x08001a35   Thumb Code     2  stm32f4xx_hal_tim_ex.o(.text.HAL_TIMEx_BreakCallback)
    HAL_TIMEx_CommutCallback                 0x08001a39   Thumb Code     2  stm32f4xx_hal_tim_ex.o(.text.HAL_TIMEx_CommutCallback)
    HAL_TIMEx_MasterConfigSynchronization    0x08001a3d   Thumb Code   186  stm32f4xx_hal_tim_ex.o(.text.HAL_TIMEx_MasterConfigSynchronization)
    HAL_TIM_Base_Init                        0x08001af9   Thumb Code    90  stm32f4xx_hal_tim.o(.text.HAL_TIM_Base_Init)
    HAL_TIM_Base_MspInit                     0x08001b55   Thumb Code    90  tim.o(.text.HAL_TIM_Base_MspInit)
    HAL_TIM_Base_Start_IT                    0x08001bb1   Thumb Code   170  stm32f4xx_hal_tim.o(.text.HAL_TIM_Base_Start_IT)
    HAL_TIM_ConfigClockSource                0x08001c5d   Thumb Code   416  stm32f4xx_hal_tim.o(.text.HAL_TIM_ConfigClockSource)
    HAL_TIM_IC_CaptureCallback               0x08001dfd   Thumb Code     2  stm32f4xx_hal_tim.o(.text.HAL_TIM_IC_CaptureCallback)
    HAL_TIM_IRQHandler                       0x08001e01   Thumb Code   334  stm32f4xx_hal_tim.o(.text.HAL_TIM_IRQHandler)
    HAL_TIM_OC_DelayElapsedCallback          0x08001f51   Thumb Code     2  stm32f4xx_hal_tim.o(.text.HAL_TIM_OC_DelayElapsedCallback)
    HAL_TIM_PWM_ConfigChannel                0x08001f55   Thumb Code   544  stm32f4xx_hal_tim.o(.text.HAL_TIM_PWM_ConfigChannel)
    HAL_TIM_PWM_Init                         0x08002175   Thumb Code    90  stm32f4xx_hal_tim.o(.text.HAL_TIM_PWM_Init)
    HAL_TIM_PWM_MspInit                      0x080021d1   Thumb Code     2  stm32f4xx_hal_tim.o(.text.HAL_TIM_PWM_MspInit)
    HAL_TIM_PWM_PulseFinishedCallback        0x080021d5   Thumb Code     2  stm32f4xx_hal_tim.o(.text.HAL_TIM_PWM_PulseFinishedCallback)
    HAL_TIM_PeriodElapsedCallback            0x080021d9   Thumb Code    20  main.o(.text.HAL_TIM_PeriodElapsedCallback)
    HAL_TIM_TriggerCallback                  0x080021ed   Thumb Code     2  stm32f4xx_hal_tim.o(.text.HAL_TIM_TriggerCallback)
    HAL_UARTEx_ReceiveToIdle_DMA             0x080021f1   Thumb Code   484  stm32f4xx_hal_uart.o(.text.HAL_UARTEx_ReceiveToIdle_DMA)
    HAL_UARTEx_RxEventCallback               0x080023d5   Thumb Code   140  main.o(.text.HAL_UARTEx_RxEventCallback)
    HAL_UART_ErrorCallback                   0x08002461   Thumb Code     2  stm32f4xx_hal_uart.o(.text.HAL_UART_ErrorCallback)
    HAL_UART_IRQHandler                      0x08002465   Thumb Code  1392  stm32f4xx_hal_uart.o(.text.HAL_UART_IRQHandler)
    HAL_UART_Init                            0x080029d5   Thumb Code    96  stm32f4xx_hal_uart.o(.text.HAL_UART_Init)
    HAL_UART_MspInit                         0x08002a35   Thumb Code   294  usart.o(.text.HAL_UART_MspInit)
    HAL_UART_RxCpltCallback                  0x08002b5d   Thumb Code     2  stm32f4xx_hal_uart.o(.text.HAL_UART_RxCpltCallback)
    HAL_UART_RxHalfCpltCallback              0x08002b61   Thumb Code     2  stm32f4xx_hal_uart.o(.text.HAL_UART_RxHalfCpltCallback)
    HAL_UART_Transmit_DMA                    0x08002b65   Thumb Code   188  stm32f4xx_hal_uart.o(.text.HAL_UART_Transmit_DMA)
    HAL_UART_TxCpltCallback                  0x08002c21   Thumb Code     2  stm32f4xx_hal_uart.o(.text.HAL_UART_TxCpltCallback)
    HAL_UART_TxHalfCpltCallback              0x08002c25   Thumb Code     2  stm32f4xx_hal_uart.o(.text.HAL_UART_TxHalfCpltCallback)
    HardFault_Handler                        0x08002c29   Thumb Code     2  stm32f4xx_it.o(.text.HardFault_Handler)
    MX_DMA_Init                              0x08003049   Thumb Code    72  dma.o(.text.MX_DMA_Init)
    MX_FREERTOS_Init                         0x08003091   Thumb Code   144  freertos.o(.text.MX_FREERTOS_Init)
    MX_GPIO_Init                             0x08003121   Thumb Code   150  gpio.o(.text.MX_GPIO_Init)
    MX_I2C2_Init                             0x080031b9   Thumb Code    66  i2c.o(.text.MX_I2C2_Init)
    MX_TIM10_Init                            0x080031fd   Thumb Code    52  tim.o(.text.MX_TIM10_Init)
    MX_TIM2_Init                             0x08003231   Thumb Code   270  tim.o(.text.MX_TIM2_Init)
    MX_USART1_UART_Init                      0x08003341   Thumb Code    60  usart.o(.text.MX_USART1_UART_Init)
    MemManage_Handler                        0x0800337d   Thumb Code     2  stm32f4xx_it.o(.text.MemManage_Handler)
    NMI_Handler                              0x08003381   Thumb Code     2  stm32f4xx_it.o(.text.NMI_Handler)
    OLED_Init                                0x08003385   Thumb Code   490  oled.o(.text.OLED_Init)
    OLED_NewFrame                            0x08003571   Thumb Code    20  oled.o(.text.OLED_NewFrame)
    OLED_PrintString                         0x08003585   Thumb Code   330  oled.o(.text.OLED_PrintString)
    OLED_SetBits_Fine                        0x080036d1   Thumb Code   256  oled.o(.text.OLED_SetBits_Fine)
    OLED_SetBlock                            0x080037d1   Thumb Code  1526  oled.o(.text.OLED_SetBlock)
    OLED_ShowFrame                           0x08003dc9   Thumb Code   702  oled.o(.text.OLED_ShowFrame)
    PWM_Light_Config                         0x08004089   Thumb Code   108  main.o(.text.PWM_Light_Config)
    PendSV_Handler                           0x08004101   Thumb Code   100  port.o(.text.PendSV_Handler)
    SVC_Handler                              0x08004171   Thumb Code    36  port.o(.text.SVC_Handler)
    StartDefaultTask                         0x08004195   Thumb Code     8  freertos.o(.text.StartDefaultTask)
    SysTick_Handler                          0x0800419d   Thumb Code    30  cmsis_os2.o(.text.SysTick_Handler)
    SystemClock_Config                       0x080041bd   Thumb Code   168  main.o(.text.SystemClock_Config)
    SystemInit                               0x08004265   Thumb Code    18  system_stm32f4xx.o(.text.SystemInit)
    TIM7_IRQHandler                          0x08004279   Thumb Code    12  stm32f4xx_it.o(.text.TIM7_IRQHandler)
    TIM_Base_SetConfig                       0x08004285   Thumb Code   324  stm32f4xx_hal_tim.o(.text.TIM_Base_SetConfig)
    USART1_IRQHandler                        0x08004969   Thumb Code    12  stm32f4xx_it.o(.text.USART1_IRQHandler)
    UsageFault_Handler                       0x08004975   Thumb Code     2  stm32f4xx_it.o(.text.UsageFault_Handler)
    main                                     0x08004979   Thumb Code    86  main.o(.text.main)
    osDelay                                  0x080049d1   Thumb Code    32  cmsis_os2.o(.text.osDelay)
    osKernelGetTickCount                     0x080049f1   Thumb Code    16  cmsis_os2.o(.text.osKernelGetTickCount)
    osKernelInitialize                       0x08004a01   Thumb Code    40  cmsis_os2.o(.text.osKernelInitialize)
    osKernelStart                            0x08004a29   Thumb Code    60  cmsis_os2.o(.text.osKernelStart)
    osMessageQueueNew                        0x08004a65   Thumb Code   146  cmsis_os2.o(.text.osMessageQueueNew)
    osThreadNew                              0x08004af9   Thumb Code   148  cmsis_os2.o(.text.osThreadNew)
    pvPortMalloc                             0x080053fd   Thumb Code   488  heap_4.o(.text.pvPortMalloc)
    pxPortInitialiseStack                    0x080055e5   Thumb Code    36  port.o(.text.pxPortInitialiseStack)
    tskLED                                   0x08005609   Thumb Code    92  freertos.o(.text.tskLED)
    tskOLED                                  0x08005665   Thumb Code   100  freertos.o(.text.tskOLED)
    tskUsartRx                               0x080056d5   Thumb Code   232  freertos.o(.text.tskUsartRx)
    uxListRemove                             0x080057f5   Thumb Code    34  list.o(.text.uxListRemove)
    vApplicationGetIdleTaskMemory            0x08005819   Thumb Code    26  cmsis_os2.o(.text.vApplicationGetIdleTaskMemory)
    vApplicationGetTimerTaskMemory           0x08005835   Thumb Code    28  cmsis_os2.o(.text.vApplicationGetTimerTaskMemory)
    vListInitialise                          0x08005851   Thumb Code    22  list.o(.text.vListInitialise)
    vListInitialiseItem                      0x08005869   Thumb Code     6  list.o(.text.vListInitialiseItem)
    vListInsert                              0x08005871   Thumb Code    98  list.o(.text.vListInsert)
    vListInsertEnd                           0x080058d5   Thumb Code    26  list.o(.text.vListInsertEnd)
    vPortEnterCritical                       0x08005905   Thumb Code    70  port.o(.text.vPortEnterCritical)
    vPortExitCritical                        0x0800594d   Thumb Code    46  port.o(.text.vPortExitCritical)
    vPortFree                                0x0800597d   Thumb Code   222  heap_4.o(.text.vPortFree)
    vPortSetupTimerInterrupt                 0x08005a5d   Thumb Code    52  port.o(.text.vPortSetupTimerInterrupt)
    vPortValidateInterruptPriority           0x08005a91   Thumb Code    94  port.o(.text.vPortValidateInterruptPriority)
    vQueueAddToRegistry                      0x08005af1   Thumb Code    88  queue.o(.text.vQueueAddToRegistry)
    vQueueWaitForMessageRestricted           0x08005b49   Thumb Code    82  queue.o(.text.vQueueWaitForMessageRestricted)
    vTaskDelay                               0x08005b9d   Thumb Code   128  tasks.o(.text.vTaskDelay)
    vTaskDelayUntil                          0x08005c1d   Thumb Code   204  tasks.o(.text.vTaskDelayUntil)
    vTaskInternalSetTimeOutState             0x08005ce9   Thumb Code    18  tasks.o(.text.vTaskInternalSetTimeOutState)
    vTaskMissedYield                         0x08005cfd   Thumb Code    14  tasks.o(.text.vTaskMissedYield)
    vTaskPlaceOnEventList                    0x08005d0d   Thumb Code   116  tasks.o(.text.vTaskPlaceOnEventList)
    vTaskPlaceOnEventListRestricted          0x08005d81   Thumb Code   122  tasks.o(.text.vTaskPlaceOnEventListRestricted)
    vTaskStartScheduler                      0x08005dfd   Thumb Code   232  tasks.o(.text.vTaskStartScheduler)
    vTaskSuspendAll                          0x08005eed   Thumb Code    16  tasks.o(.text.vTaskSuspendAll)
    vTaskSwitchContext                       0x08005efd   Thumb Code   204  tasks.o(.text.vTaskSwitchContext)
    xPortStartScheduler                      0x08005fc9   Thumb Code   392  port.o(.text.xPortStartScheduler)
    xPortSysTickHandler                      0x08006151   Thumb Code    46  port.o(.text.xPortSysTickHandler)
    xQueueGenericCreate                      0x08006181   Thumb Code   130  queue.o(.text.xQueueGenericCreate)
    xQueueGenericCreateStatic                0x08006205   Thumb Code   218  queue.o(.text.xQueueGenericCreateStatic)
    xQueueGenericSend                        0x080062e1   Thumb Code   704  queue.o(.text.xQueueGenericSend)
    xQueueGenericSendFromISR                 0x080065a1   Thumb Code   328  queue.o(.text.xQueueGenericSendFromISR)
    xQueueReceive                            0x080066e9   Thumb Code   574  queue.o(.text.xQueueReceive)
    xTaskCheckForTimeOut                     0x08006929   Thumb Code   154  tasks.o(.text.xTaskCheckForTimeOut)
    xTaskCreate                              0x080069c5   Thumb Code    96  tasks.o(.text.xTaskCreate)
    xTaskCreateStatic                        0x08006a25   Thumb Code   118  tasks.o(.text.xTaskCreateStatic)
    xTaskGetSchedulerState                   0x08006a9d   Thumb Code    30  tasks.o(.text.xTaskGetSchedulerState)
    xTaskGetTickCount                        0x08006abd   Thumb Code    12  tasks.o(.text.xTaskGetTickCount)
    xTaskGetTickCountFromISR                 0x08006ac9   Thumb Code    18  tasks.o(.text.xTaskGetTickCountFromISR)
    xTaskIncrementTick                       0x08006add   Thumb Code   260  tasks.o(.text.xTaskIncrementTick)
    xTaskPriorityDisinherit                  0x08006be1   Thumb Code   142  tasks.o(.text.xTaskPriorityDisinherit)
    xTaskRemoveFromEventList                 0x08006c71   Thumb Code   114  tasks.o(.text.xTaskRemoveFromEventList)
    xTaskResumeAll                           0x08006ce5   Thumb Code   238  tasks.o(.text.xTaskResumeAll)
    xTimerCreateTimerTask                    0x08006dd5   Thumb Code   172  timers.o(.text.xTimerCreateTimerTask)
    _get_lc_ctype                            0x08006e89   Thumb Code    44  lc_ctype_c.o(locale$$code)
    _fp_init                                 0x08006eb5   Thumb Code    26  fpinit.o(x$fpl$fpinit)
    __fplib_config_fpu_vfp                   0x08006ecd   Thumb Code     0  fpinit.o(x$fpl$fpinit)
    __fplib_config_pureend_doubles           0x08006ecd   Thumb Code     0  fpinit.o(x$fpl$fpinit)
    AHBPrescTable                            0x08006ece   Data          16  system_stm32f4xx.o(.rodata.AHBPrescTable)
    APBPrescTable                            0x08006ede   Data           8  system_stm32f4xx.o(.rodata.APBPrescTable)
    PWM_Step_attributes                      0x08006ee8   Data          24  freertos.o(.rodata.PWM_Step_attributes)
    Usart_Rx_attributes                      0x08006f00   Data          24  freertos.o(.rodata.Usart_Rx_attributes)
    afont16x8                                0x08006f18   Data           8  font.o(.rodata.afont16x8)
    ascii_16x8                               0x08006f20   Data        1520  font.o(.rodata.ascii_16x8)
    defaultTask_attributes                   0x08007518   Data          36  freertos.o(.rodata.defaultTask_attributes)
    font16x16                                0x0800753c   Data          16  font.o(.rodata.font16x16)
    myTask02_attributes                      0x0800754c   Data          36  freertos.o(.rodata.myTask02_attributes)
    myTask03_attributes                      0x08007570   Data          36  freertos.o(.rodata.myTask03_attributes)
    myTask04_attributes                      0x08007594   Data          36  freertos.o(.rodata.myTask04_attributes)
    zh16x16                                  0x080075f6   Data         108  font.o(.rodata.zh16x16)
    Region$$Table$$Base                      0x08007664   Number         0  anon$$obj.o(Region$$Table)
    Region$$Table$$Limit                     0x08007684   Number         0  anon$$obj.o(Region$$Table)
    __ctype                                  0x08007691   Data           0  lc_ctype_c.o(locale$$data)
    uwTickFreq                               0x20000000   Data           1  stm32f4xx_hal.o(.data..L_MergedGlobals)
    uwTickPrio                               0x20000004   Data           4  stm32f4xx_hal.o(.data..L_MergedGlobals)
    SystemCoreClock                          0x20000008   Data           4  system_stm32f4xx.o(.data.SystemCoreClock)
    __libspace_start                         0x20000010   Data          96  libspace.o(.bss)
    Usart_RxHandle                           0x20000070   Data           4  freertos.o(.bss..L_MergedGlobals)
    __temporary_stack_top$libspace           0x20000070   Data           0  libspace.o(.bss)
    PWM_StepHandle                           0x20000074   Data           4  freertos.o(.bss..L_MergedGlobals)
    defaultTaskHandle                        0x20000078   Data           4  freertos.o(.bss..L_MergedGlobals)
    myTask02Handle                           0x2000007c   Data           4  freertos.o(.bss..L_MergedGlobals)
    myTask03Handle                           0x20000080   Data           4  freertos.o(.bss..L_MergedGlobals)
    myTask04Handle                           0x20000084   Data           4  freertos.o(.bss..L_MergedGlobals)
    pxCurrentTCB                             0x20000088   Data           4  tasks.o(.bss..L_MergedGlobals)
    OLED_GRAM                                0x20000190   Data        1024  oled.o(.bss.OLED_GRAM)
    hdma_usart1_rx                           0x20000614   Data          96  usart.o(.bss.hdma_usart1_rx)
    hdma_usart1_tx                           0x20000674   Data          96  usart.o(.bss.hdma_usart1_tx)
    hi2c2                                    0x200006d4   Data          84  i2c.o(.bss.hi2c2)
    htim10                                   0x20000728   Data          72  tim.o(.bss.htim10)
    htim2                                    0x20000770   Data          72  tim.o(.bss.htim2)
    htim7                                    0x200007b8   Data          72  stm32f4xx_hal_timebase_tim.o(.bss.htim7)
    huart1                                   0x20000800   Data          72  usart.o(.bss.huart1)
    rx_buffer                                0x20000d98   Data         128  main.o(.bss.rx_buffer)
    rx_data_len                              0x20000e18   Data           2  main.o(.bss.rx_data_len)
    uwTick                                   0x20004a1c   Data           4  stm32f4xx_hal.o(.bss.uwTick)
    xQueueRegistry                           0x200050d8   Data          64  queue.o(.bss.xQueueRegistry)



==============================================================================

Memory Map of the image

  Image Entry point : 0x08000189

  Load Region LR_IROM1 (Base: 0x08000000, Size: 0x000077a8, Max: 0x00100000, ABSOLUTE)

    Execution Region ER_IROM1 (Exec base: 0x08000000, Load base: 0x08000000, Size: 0x00007794, Max: 0x00100000, ABSOLUTE)

    Exec Addr    Load Addr    Size         Type   Attr      Idx    E Section Name        Object

    0x08000000   0x08000000   0x00000188   Data   RO            3    RESET               startup_stm32f405xx.o
    0x08000188   0x08000188   0x00000008   Code   RO         1834  * !!!main             c_w.l(__main.o)
    0x08000190   0x08000190   0x0000005c   Code   RO         2057    !!!scatter          c_w.l(__scatter.o)
    0x080001ec   0x080001ec   0x0000001a   Code   RO         2061    !!handler_copy      c_w.l(__scatter_copy.o)
    0x08000206   0x08000206   0x00000002   PAD
    0x08000208   0x08000208   0x00000002   Code   RO         2058    !!handler_null      c_w.l(__scatter.o)
    0x0800020a   0x0800020a   0x00000002   PAD
    0x0800020c   0x0800020c   0x0000001c   Code   RO         2063    !!handler_zi        c_w.l(__scatter_zi.o)
    0x08000228   0x08000228   0x00000002   Code   RO         1920    .ARM.Collect$$libinit$$00000000  c_w.l(libinit.o)
    0x0800022a   0x0800022a   0x00000004   Code   RO         1931    .ARM.Collect$$libinit$$00000001  c_w.l(libinit2.o)
    0x0800022e   0x0800022e   0x00000000   Code   RO         1934    .ARM.Collect$$libinit$$00000004  c_w.l(libinit2.o)
    0x0800022e   0x0800022e   0x00000000   Code   RO         1936    .ARM.Collect$$libinit$$00000006  c_w.l(libinit2.o)
    0x0800022e   0x0800022e   0x00000000   Code   RO         1939    .ARM.Collect$$libinit$$0000000C  c_w.l(libinit2.o)
    0x0800022e   0x0800022e   0x00000000   Code   RO         1941    .ARM.Collect$$libinit$$0000000E  c_w.l(libinit2.o)
    0x0800022e   0x0800022e   0x00000000   Code   RO         1943    .ARM.Collect$$libinit$$00000010  c_w.l(libinit2.o)
    0x0800022e   0x0800022e   0x00000006   Code   RO         1944    .ARM.Collect$$libinit$$00000011  c_w.l(libinit2.o)
    0x08000234   0x08000234   0x00000000   Code   RO         1946    .ARM.Collect$$libinit$$00000013  c_w.l(libinit2.o)
    0x08000234   0x08000234   0x0000000c   Code   RO         1947    .ARM.Collect$$libinit$$00000014  c_w.l(libinit2.o)
    0x08000240   0x08000240   0x00000000   Code   RO         1948    .ARM.Collect$$libinit$$00000015  c_w.l(libinit2.o)
    0x08000240   0x08000240   0x00000000   Code   RO         1950    .ARM.Collect$$libinit$$00000017  c_w.l(libinit2.o)
    0x08000240   0x08000240   0x00000000   Code   RO         1952    .ARM.Collect$$libinit$$00000019  c_w.l(libinit2.o)
    0x08000240   0x08000240   0x00000000   Code   RO         1954    .ARM.Collect$$libinit$$0000001B  c_w.l(libinit2.o)
    0x08000240   0x08000240   0x00000000   Code   RO         1956    .ARM.Collect$$libinit$$0000001D  c_w.l(libinit2.o)
    0x08000240   0x08000240   0x00000000   Code   RO         1958    .ARM.Collect$$libinit$$0000001F  c_w.l(libinit2.o)
    0x08000240   0x08000240   0x00000000   Code   RO         1960    .ARM.Collect$$libinit$$00000021  c_w.l(libinit2.o)
    0x08000240   0x08000240   0x00000000   Code   RO         1962    .ARM.Collect$$libinit$$00000023  c_w.l(libinit2.o)
    0x08000240   0x08000240   0x00000000   Code   RO         1964    .ARM.Collect$$libinit$$00000025  c_w.l(libinit2.o)
    0x08000240   0x08000240   0x00000000   Code   RO         1966    .ARM.Collect$$libinit$$00000027  c_w.l(libinit2.o)
    0x08000240   0x08000240   0x00000000   Code   RO         1970    .ARM.Collect$$libinit$$0000002E  c_w.l(libinit2.o)
    0x08000240   0x08000240   0x00000000   Code   RO         1972    .ARM.Collect$$libinit$$00000030  c_w.l(libinit2.o)
    0x08000240   0x08000240   0x00000000   Code   RO         1974    .ARM.Collect$$libinit$$00000032  c_w.l(libinit2.o)
    0x08000240   0x08000240   0x00000000   Code   RO         1976    .ARM.Collect$$libinit$$00000034  c_w.l(libinit2.o)
    0x08000240   0x08000240   0x00000002   Code   RO         1977    .ARM.Collect$$libinit$$00000035  c_w.l(libinit2.o)
    0x08000242   0x08000242   0x00000002   Code   RO         2012    .ARM.Collect$$libshutdown$$00000000  c_w.l(libshutdown.o)
    0x08000244   0x08000244   0x00000000   Code   RO         2040    .ARM.Collect$$libshutdown$$00000002  c_w.l(libshutdown2.o)
    0x08000244   0x08000244   0x00000000   Code   RO         2042    .ARM.Collect$$libshutdown$$00000004  c_w.l(libshutdown2.o)
    0x08000244   0x08000244   0x00000000   Code   RO         2045    .ARM.Collect$$libshutdown$$00000007  c_w.l(libshutdown2.o)
    0x08000244   0x08000244   0x00000000   Code   RO         2048    .ARM.Collect$$libshutdown$$0000000A  c_w.l(libshutdown2.o)
    0x08000244   0x08000244   0x00000000   Code   RO         2050    .ARM.Collect$$libshutdown$$0000000C  c_w.l(libshutdown2.o)
    0x08000244   0x08000244   0x00000000   Code   RO         2053    .ARM.Collect$$libshutdown$$0000000F  c_w.l(libshutdown2.o)
    0x08000244   0x08000244   0x00000002   Code   RO         2054    .ARM.Collect$$libshutdown$$00000010  c_w.l(libshutdown2.o)
    0x08000246   0x08000246   0x00000000   Code   RO         1854    .ARM.Collect$$rtentry$$00000000  c_w.l(__rtentry.o)
    0x08000246   0x08000246   0x00000000   Code   RO         1877    .ARM.Collect$$rtentry$$00000002  c_w.l(__rtentry2.o)
    0x08000246   0x08000246   0x00000006   Code   RO         1889    .ARM.Collect$$rtentry$$00000004  c_w.l(__rtentry4.o)
    0x0800024c   0x0800024c   0x00000000   Code   RO         1879    .ARM.Collect$$rtentry$$00000009  c_w.l(__rtentry2.o)
    0x0800024c   0x0800024c   0x00000004   Code   RO         1880    .ARM.Collect$$rtentry$$0000000A  c_w.l(__rtentry2.o)
    0x08000250   0x08000250   0x00000000   Code   RO         1882    .ARM.Collect$$rtentry$$0000000C  c_w.l(__rtentry2.o)
    0x08000250   0x08000250   0x00000008   Code   RO         1883    .ARM.Collect$$rtentry$$0000000D  c_w.l(__rtentry2.o)
    0x08000258   0x08000258   0x00000002   Code   RO         1921    .ARM.Collect$$rtexit$$00000000  c_w.l(rtexit.o)
    0x0800025a   0x0800025a   0x00000000   Code   RO         1983    .ARM.Collect$$rtexit$$00000002  c_w.l(rtexit2.o)
    0x0800025a   0x0800025a   0x00000004   Code   RO         1984    .ARM.Collect$$rtexit$$00000003  c_w.l(rtexit2.o)
    0x0800025e   0x0800025e   0x00000006   Code   RO         1985    .ARM.Collect$$rtexit$$00000004  c_w.l(rtexit2.o)
    0x08000264   0x08000264   0x00000040   Code   RO            4    .text               startup_stm32f405xx.o
    0x080002a4   0x080002a4   0x000000f0   Code   RO         1812    .text               c_w.l(lludivv7m.o)
    0x08000394   0x08000394   0x0000001a   Code   RO         1814    .text               c_w.l(atoi.o)
    0x080003ae   0x080003ae   0x00000024   Code   RO         1816    .text               c_w.l(strstr.o)
    0x080003d2   0x080003d2   0x00000058   Code   RO         1818    .text               c_w.l(memcmp.o)
    0x0800042a   0x0800042a   0x0000003e   Code   RO         1820    .text               c_w.l(strlen.o)
    0x08000468   0x08000468   0x0000008a   Code   RO         1822    .text               c_w.l(rt_memcpy_v6.o)
    0x080004f2   0x080004f2   0x00000010   Code   RO         1826    .text               c_w.l(aeabi_memset4.o)
    0x08000502   0x08000502   0x0000004e   Code   RO         1830    .text               c_w.l(rt_memclr_w.o)
    0x08000550   0x08000550   0x00000006   Code   RO         1832    .text               c_w.l(heapauxi.o)
    0x08000556   0x08000556   0x00000002   PAD
    0x08000558   0x08000558   0x00000008   Code   RO         1862    .text               c_w.l(rt_errno_addr_intlibspace.o)
    0x08000560   0x08000560   0x00000070   Code   RO         1864    .text               c_w.l(strtol.o)
    0x080005d0   0x080005d0   0x00000064   Code   RO         1866    .text               c_w.l(rt_memcpy_w.o)
    0x08000634   0x08000634   0x00000008   Code   RO         1873    .text               c_w.l(libspace.o)
    0x0800063c   0x0800063c   0x00000010   Code   RO         1891    .text               c_w.l(rt_ctype_table.o)
    0x0800064c   0x0800064c   0x0000009e   Code   RO         1895    .text               c_w.l(_strtoul.o)
    0x080006ea   0x080006ea   0x0000004a   Code   RO         1897    .text               c_w.l(sys_stackheap_outer.o)
    0x08000734   0x08000734   0x00000008   Code   RO         1902    .text               c_w.l(rt_locale_intlibspace.o)
    0x0800073c   0x0800073c   0x0000001c   Code   RO         1904    .text               c_w.l(_chval.o)
    0x08000758   0x08000758   0x00000012   Code   RO         1909    .text               c_w.l(exit.o)
    0x0800076a   0x0800076a   0x00000006   PAD
    0x08000770   0x08000770   0x0000007c   Code   RO         1929    .text               c_w.l(strcmpv7em.o)
    0x080007ec   0x080007ec   0x0000000c   Code   RO         1978    .text               c_w.l(sys_exit.o)
    0x080007f8   0x080007f8   0x00000002   Code   RO         2001    .text               c_w.l(use_no_semi.o)
    0x080007fa   0x080007fa   0x00000000   Code   RO         2003    .text               c_w.l(indicate_semi.o)
    0x080007fa   0x080007fa   0x00000002   PAD
    0x080007fc   0x080007fc   0x00000002   Code   RO          136    .text.BusFault_Handler  stm32f4xx_it.o
    0x080007fe   0x080007fe   0x00000002   PAD
    0x08000800   0x08000800   0x0000000c   Code   RO          146    .text.DMA2_Stream2_IRQHandler  stm32f4xx_it.o
    0x0800080c   0x0800080c   0x0000000c   Code   RO          148    .text.DMA2_Stream7_IRQHandler  stm32f4xx_it.o
    0x08000818   0x08000818   0x00000002   Code   RO          140    .text.DebugMon_Handler  stm32f4xx_it.o
    0x0800081a   0x0800081a   0x00000002   PAD
    0x0800081c   0x0800081c   0x00000006   Code   RO           17    .text.Error_Handler  main.o
    0x08000822   0x08000822   0x00000002   PAD
    0x08000824   0x08000824   0x0000008e   Code   RO          656    .text.HAL_DMA_Abort  stm32f4xx_hal_dma.o
    0x080008b2   0x080008b2   0x00000002   PAD
    0x080008b4   0x080008b4   0x00000024   Code   RO          658    .text.HAL_DMA_Abort_IT  stm32f4xx_hal_dma.o
    0x080008d8   0x080008d8   0x000001c4   Code   RO          662    .text.HAL_DMA_IRQHandler  stm32f4xx_hal_dma.o
    0x08000a9c   0x08000a9c   0x00000162   Code   RO          648    .text.HAL_DMA_Init  stm32f4xx_hal_dma.o
    0x08000bfe   0x08000bfe   0x00000002   PAD
    0x08000c00   0x08000c00   0x000000a2   Code   RO          654    .text.HAL_DMA_Start_IT  stm32f4xx_hal_dma.o
    0x08000ca2   0x08000ca2   0x00000002   PAD
    0x08000ca4   0x08000ca4   0x00000028   Code   RO          815    .text.HAL_Delay     stm32f4xx_hal.o
    0x08000ccc   0x08000ccc   0x0000019e   Code   RO          610    .text.HAL_GPIO_Init  stm32f4xx_hal_gpio.o
    0x08000e6a   0x08000e6a   0x00000002   PAD
    0x08000e6c   0x08000e6c   0x0000000a   Code   RO          616    .text.HAL_GPIO_WritePin  stm32f4xx_hal_gpio.o
    0x08000e76   0x08000e76   0x00000002   PAD
    0x08000e78   0x08000e78   0x0000000c   Code   RO          807    .text.HAL_GetTick   stm32f4xx_hal.o
    0x08000e84   0x08000e84   0x00000164   Code   RO          885    .text.HAL_I2C_Init  stm32f4xx_hal_i2c.o
    0x08000fe8   0x08000fe8   0x000001dc   Code   RO          893    .text.HAL_I2C_Master_Transmit  stm32f4xx_hal_i2c.o
    0x080011c4   0x080011c4   0x00000076   Code   RO           80    .text.HAL_I2C_MspInit  i2c.o
    0x0800123a   0x0800123a   0x00000002   PAD
    0x0800123c   0x0800123c   0x0000001a   Code   RO          805    .text.HAL_IncTick   stm32f4xx_hal.o
    0x08001256   0x08001256   0x00000002   PAD
    0x08001258   0x08001258   0x00000036   Code   RO          795    .text.HAL_Init      stm32f4xx_hal.o
    0x0800128e   0x0800128e   0x00000002   PAD
    0x08001290   0x08001290   0x000000b2   Code   RO          166    .text.HAL_InitTick  stm32f4xx_hal_timebase_tim.o
    0x08001342   0x08001342   0x00000002   PAD
    0x08001344   0x08001344   0x00000042   Code   RO          157    .text.HAL_MspInit   stm32f4xx_hal_msp.o
    0x08001386   0x08001386   0x00000002   PAD
    0x08001388   0x08001388   0x00000022   Code   RO          747    .text.HAL_NVIC_EnableIRQ  stm32f4xx_hal_cortex.o
    0x080013aa   0x080013aa   0x00000002   PAD
    0x080013ac   0x080013ac   0x00000056   Code   RO          745    .text.HAL_NVIC_SetPriority  stm32f4xx_hal_cortex.o
    0x08001402   0x08001402   0x00000002   PAD
    0x08001404   0x08001404   0x00000020   Code   RO          743    .text.HAL_NVIC_SetPriorityGrouping  stm32f4xx_hal_cortex.o
    0x08001424   0x08001424   0x00000164   Code   RO          504    .text.HAL_RCC_ClockConfig  stm32f4xx_hal_rcc.o
    0x08001588   0x08001588   0x0000003e   Code   RO          522    .text.HAL_RCC_GetClockConfig  stm32f4xx_hal_rcc.o
    0x080015c6   0x080015c6   0x00000002   PAD
    0x080015c8   0x080015c8   0x00000026   Code   RO          516    .text.HAL_RCC_GetPCLK1Freq  stm32f4xx_hal_rcc.o
    0x080015ee   0x080015ee   0x00000002   PAD
    0x080015f0   0x080015f0   0x00000026   Code   RO          518    .text.HAL_RCC_GetPCLK2Freq  stm32f4xx_hal_rcc.o
    0x08001616   0x08001616   0x00000002   PAD
    0x08001618   0x08001618   0x0000006e   Code   RO          506    .text.HAL_RCC_GetSysClockFreq  stm32f4xx_hal_rcc.o
    0x08001686   0x08001686   0x00000002   PAD
    0x08001688   0x08001688   0x000003ac   Code   RO          502    .text.HAL_RCC_OscConfig  stm32f4xx_hal_rcc.o
    0x08001a34   0x08001a34   0x00000002   Code   RO          486    .text.HAL_TIMEx_BreakCallback  stm32f4xx_hal_tim_ex.o
    0x08001a36   0x08001a36   0x00000002   PAD
    0x08001a38   0x08001a38   0x00000002   Code   RO          482    .text.HAL_TIMEx_CommutCallback  stm32f4xx_hal_tim_ex.o
    0x08001a3a   0x08001a3a   0x00000002   PAD
    0x08001a3c   0x08001a3c   0x000000ba   Code   RO          476    .text.HAL_TIMEx_MasterConfigSynchronization  stm32f4xx_hal_tim_ex.o
    0x08001af6   0x08001af6   0x00000002   PAD
    0x08001af8   0x08001af8   0x0000005a   Code   RO          181    .text.HAL_TIM_Base_Init  stm32f4xx_hal_tim.o
    0x08001b52   0x08001b52   0x00000002   PAD
    0x08001b54   0x08001b54   0x0000005a   Code   RO           99    .text.HAL_TIM_Base_MspInit  tim.o
    0x08001bae   0x08001bae   0x00000002   PAD
    0x08001bb0   0x08001bb0   0x000000aa   Code   RO          195    .text.HAL_TIM_Base_Start_IT  stm32f4xx_hal_tim.o
    0x08001c5a   0x08001c5a   0x00000002   PAD
    0x08001c5c   0x08001c5c   0x000001a0   Code   RO          361    .text.HAL_TIM_ConfigClockSource  stm32f4xx_hal_tim.o
    0x08001dfc   0x08001dfc   0x00000002   Code   RO          317    .text.HAL_TIM_IC_CaptureCallback  stm32f4xx_hal_tim.o
    0x08001dfe   0x08001dfe   0x00000002   PAD
    0x08001e00   0x08001e00   0x0000014e   Code   RO          315    .text.HAL_TIM_IRQHandler  stm32f4xx_hal_tim.o
    0x08001f4e   0x08001f4e   0x00000002   PAD
    0x08001f50   0x08001f50   0x00000002   Code   RO          319    .text.HAL_TIM_OC_DelayElapsedCallback  stm32f4xx_hal_tim.o
    0x08001f52   0x08001f52   0x00000002   PAD
    0x08001f54   0x08001f54   0x00000220   Code   RO          335    .text.HAL_TIM_PWM_ConfigChannel  stm32f4xx_hal_tim.o
    0x08002174   0x08002174   0x0000005a   Code   RO          235    .text.HAL_TIM_PWM_Init  stm32f4xx_hal_tim.o
    0x080021ce   0x080021ce   0x00000002   PAD
    0x080021d0   0x080021d0   0x00000002   Code   RO          237    .text.HAL_TIM_PWM_MspInit  stm32f4xx_hal_tim.o
    0x080021d2   0x080021d2   0x00000002   PAD
    0x080021d4   0x080021d4   0x00000002   Code   RO          321    .text.HAL_TIM_PWM_PulseFinishedCallback  stm32f4xx_hal_tim.o
    0x080021d6   0x080021d6   0x00000002   PAD
    0x080021d8   0x080021d8   0x00000014   Code   RO           21    .text.HAL_TIM_PeriodElapsedCallback  main.o
    0x080021ec   0x080021ec   0x00000002   Code   RO          325    .text.HAL_TIM_TriggerCallback  stm32f4xx_hal_tim.o
    0x080021ee   0x080021ee   0x00000002   PAD
    0x080021f0   0x080021f0   0x000001e4   Code   RO         1072    .text.HAL_UARTEx_ReceiveToIdle_DMA  stm32f4xx_hal_uart.o
    0x080023d4   0x080023d4   0x0000008c   Code   RO           19    .text.HAL_UARTEx_RxEventCallback  main.o
    0x08002460   0x08002460   0x00000002   Code   RO         1108    .text.HAL_UART_ErrorCallback  stm32f4xx_hal_uart.o
    0x08002462   0x08002462   0x00000002   PAD
    0x08002464   0x08002464   0x00000570   Code   RO         1102    .text.HAL_UART_IRQHandler  stm32f4xx_hal_uart.o
    0x080029d4   0x080029d4   0x00000060   Code   RO         1024    .text.HAL_UART_Init  stm32f4xx_hal_uart.o
    0x08002a34   0x08002a34   0x00000126   Code   RO          115    .text.HAL_UART_MspInit  usart.o
    0x08002b5a   0x08002b5a   0x00000002   PAD
    0x08002b5c   0x08002b5c   0x00000002   Code   RO         1116    .text.HAL_UART_RxCpltCallback  stm32f4xx_hal_uart.o
    0x08002b5e   0x08002b5e   0x00000002   PAD
    0x08002b60   0x08002b60   0x00000002   Code   RO         1118    .text.HAL_UART_RxHalfCpltCallback  stm32f4xx_hal_uart.o
    0x08002b62   0x08002b62   0x00000002   PAD
    0x08002b64   0x08002b64   0x000000bc   Code   RO         1050    .text.HAL_UART_Transmit_DMA  stm32f4xx_hal_uart.o
    0x08002c20   0x08002c20   0x00000002   Code   RO         1112    .text.HAL_UART_TxCpltCallback  stm32f4xx_hal_uart.o
    0x08002c22   0x08002c22   0x00000002   PAD
    0x08002c24   0x08002c24   0x00000002   Code   RO         1114    .text.HAL_UART_TxHalfCpltCallback  stm32f4xx_hal_uart.o
    0x08002c26   0x08002c26   0x00000002   PAD
    0x08002c28   0x08002c28   0x00000002   Code   RO          132    .text.HardFault_Handler  stm32f4xx_it.o
    0x08002c2a   0x08002c2a   0x00000002   PAD
    0x08002c2c   0x08002c2c   0x000000ba   Code   RO          899    .text.I2C_WaitOnBTFFlagUntilTimeout  stm32f4xx_hal_i2c.o
    0x08002ce6   0x08002ce6   0x00000002   PAD
    0x08002ce8   0x08002ce8   0x000001ca   Code   RO          895    .text.I2C_WaitOnFlagUntilTimeout  stm32f4xx_hal_i2c.o
    0x08002eb2   0x08002eb2   0x00000002   PAD
    0x08002eb4   0x08002eb4   0x000000d6   Code   RO         1013    .text.I2C_WaitOnMasterAddressFlagUntilTimeout  stm32f4xx_hal_i2c.o
    0x08002f8a   0x08002f8a   0x00000002   PAD
    0x08002f8c   0x08002f8c   0x000000ba   Code   RO          897    .text.I2C_WaitOnTXEFlagUntilTimeout  stm32f4xx_hal_i2c.o
    0x08003046   0x08003046   0x00000002   PAD
    0x08003048   0x08003048   0x00000048   Code   RO           69    .text.MX_DMA_Init   dma.o
    0x08003090   0x08003090   0x00000090   Code   RO           43    .text.MX_FREERTOS_Init  freertos.o
    0x08003120   0x08003120   0x00000096   Code   RO           34    .text.MX_GPIO_Init  gpio.o
    0x080031b6   0x080031b6   0x00000002   PAD
    0x080031b8   0x080031b8   0x00000042   Code   RO           78    .text.MX_I2C2_Init  i2c.o
    0x080031fa   0x080031fa   0x00000002   PAD
    0x080031fc   0x080031fc   0x00000034   Code   RO           97    .text.MX_TIM10_Init  tim.o
    0x08003230   0x08003230   0x0000010e   Code   RO           93    .text.MX_TIM2_Init  tim.o
    0x0800333e   0x0800333e   0x00000002   PAD
    0x08003340   0x08003340   0x0000003c   Code   RO          113    .text.MX_USART1_UART_Init  usart.o
    0x0800337c   0x0800337c   0x00000002   Code   RO          134    .text.MemManage_Handler  stm32f4xx_it.o
    0x0800337e   0x0800337e   0x00000002   PAD
    0x08003380   0x08003380   0x00000002   Code   RO          130    .text.NMI_Handler   stm32f4xx_it.o
    0x08003382   0x08003382   0x00000002   PAD
    0x08003384   0x08003384   0x000001ea   Code   RO         1750    .text.OLED_Init     oled.o
    0x0800356e   0x0800356e   0x00000002   PAD
    0x08003570   0x08003570   0x00000014   Code   RO         1758    .text.OLED_NewFrame  oled.o
    0x08003584   0x08003584   0x0000014a   Code   RO         1798    .text.OLED_PrintString  oled.o
    0x080036ce   0x080036ce   0x00000002   PAD
    0x080036d0   0x080036d0   0x00000100   Code   RO         1768    .text.OLED_SetBits_Fine  oled.o
    0x080037d0   0x080037d0   0x000005f6   Code   RO         1772    .text.OLED_SetBlock  oled.o
    0x08003dc6   0x08003dc6   0x00000002   PAD
    0x08003dc8   0x08003dc8   0x000002be   Code   RO         1760    .text.OLED_ShowFrame  oled.o
    0x08004086   0x08004086   0x00000002   PAD
    0x08004088   0x08004088   0x00000070   Code   RO           11    .text.PWM_Light_Config  main.o
    0x080040f8   0x080040f8   0x00000008   PAD
    0x08004100   0x08004100   0x00000064   Code   RO         1713    .text.PendSV_Handler  port.o
    0x08004164   0x08004164   0x0000000c   PAD
    0x08004170   0x08004170   0x00000024   Code   RO         1697    .text.SVC_Handler   port.o
    0x08004194   0x08004194   0x00000008   Code   RO           45    .text.StartDefaultTask  freertos.o
    0x0800419c   0x0800419c   0x0000001e   Code   RO         1508    .text.SysTick_Handler  cmsis_os2.o
    0x080041ba   0x080041ba   0x00000002   PAD
    0x080041bc   0x080041bc   0x000000a8   Code   RO           15    .text.SystemClock_Config  main.o
    0x08004264   0x08004264   0x00000012   Code   RO         1146    .text.SystemInit    system_stm32f4xx.o
    0x08004276   0x08004276   0x00000002   PAD
    0x08004278   0x08004278   0x0000000c   Code   RO          144    .text.TIM7_IRQHandler  stm32f4xx_it.o
    0x08004284   0x08004284   0x00000144   Code   RO          185    .text.TIM_Base_SetConfig  stm32f4xx_hal_tim.o
    0x080043c8   0x080043c8   0x0000000c   Code   RO         1106    .text.UART_DMAAbortOnError  stm32f4xx_hal_uart.o
    0x080043d4   0x080043d4   0x0000017c   Code   RO         1056    .text.UART_DMAError  stm32f4xx_hal_uart.o
    0x08004550   0x08004550   0x0000015e   Code   RO         1134    .text.UART_DMAReceiveCplt  stm32f4xx_hal_uart.o
    0x080046ae   0x080046ae   0x00000002   PAD
    0x080046b0   0x080046b0   0x00000018   Code   RO         1136    .text.UART_DMARxHalfCplt  stm32f4xx_hal_uart.o
    0x080046c8   0x080046c8   0x000000b0   Code   RO         1052    .text.UART_DMATransmitCplt  stm32f4xx_hal_uart.o
    0x08004778   0x08004778   0x00000006   Code   RO         1054    .text.UART_DMATxHalfCplt  stm32f4xx_hal_uart.o
    0x0800477e   0x0800477e   0x00000002   PAD
    0x08004780   0x08004780   0x000000fe   Code   RO         1104    .text.UART_Receive_IT  stm32f4xx_hal_uart.o
    0x0800487e   0x0800487e   0x00000002   PAD
    0x08004880   0x08004880   0x000000e6   Code   RO         1028    .text.UART_SetConfig  stm32f4xx_hal_uart.o
    0x08004966   0x08004966   0x00000002   PAD
    0x08004968   0x08004968   0x0000000c   Code   RO          142    .text.USART1_IRQHandler  stm32f4xx_it.o
    0x08004974   0x08004974   0x00000002   Code   RO          138    .text.UsageFault_Handler  stm32f4xx_it.o
    0x08004976   0x08004976   0x00000002   PAD
    0x08004978   0x08004978   0x00000056   Code   RO           13    .text.main          main.o
    0x080049ce   0x080049ce   0x00000002   PAD
    0x080049d0   0x080049d0   0x00000020   Code   RO         1568    .text.osDelay       cmsis_os2.o
    0x080049f0   0x080049f0   0x00000010   Code   RO         1524    .text.osKernelGetTickCount  cmsis_os2.o
    0x08004a00   0x08004a00   0x00000028   Code   RO         1510    .text.osKernelInitialize  cmsis_os2.o
    0x08004a28   0x08004a28   0x0000003c   Code   RO         1516    .text.osKernelStart  cmsis_os2.o
    0x08004a64   0x08004a64   0x00000092   Code   RO         1618    .text.osMessageQueueNew  cmsis_os2.o
    0x08004af6   0x08004af6   0x00000002   PAD
    0x08004af8   0x08004af8   0x00000094   Code   RO         1532    .text.osThreadNew   cmsis_os2.o
    0x08004b8c   0x08004b8c   0x0000028a   Code   RO         1343    .text.prvAddNewTaskToReadyList  tasks.o
    0x08004e16   0x08004e16   0x00000002   PAD
    0x08004e18   0x08004e18   0x00000086   Code   RO         1375    .text.prvIdleTask   tasks.o
    0x08004e9e   0x08004e9e   0x00000002   PAD
    0x08004ea0   0x08004ea0   0x00000104   Code   RO         1341    .text.prvInitialiseNewTask  tasks.o
    0x08004fa4   0x08004fa4   0x00000028   Code   RO         1705    .text.prvPortStartFirstTask  port.o
    0x08004fcc   0x08004fcc   0x0000003e   Code   RO         1695    .text.prvTaskExitError  port.o
    0x0800500a   0x0800500a   0x00000002   PAD
    0x0800500c   0x0800500c   0x0000037a   Code   RO         1460    .text.prvTimerTask  timers.o
    0x08005386   0x08005386   0x00000002   PAD
    0x08005388   0x08005388   0x00000074   Code   RO         1242    .text.prvUnlockQueue  queue.o
    0x080053fc   0x080053fc   0x000001e8   Code   RO         1671    .text.pvPortMalloc  heap_4.o
    0x080055e4   0x080055e4   0x00000024   Code   RO         1693    .text.pxPortInitialiseStack  port.o
    0x08005608   0x08005608   0x0000005c   Code   RO           47    .text.tskLED        freertos.o
    0x08005664   0x08005664   0x00000070   Code   RO           51    .text.tskOLED       freertos.o
    0x080056d4   0x080056d4   0x00000120   Code   RO           49    .text.tskUsartRx    freertos.o
    0x080057f4   0x080057f4   0x00000022   Code   RO         1206    .text.uxListRemove  list.o
    0x08005816   0x08005816   0x00000002   PAD
    0x08005818   0x08005818   0x0000001a   Code   RO         1654    .text.vApplicationGetIdleTaskMemory  cmsis_os2.o
    0x08005832   0x08005832   0x00000002   PAD
    0x08005834   0x08005834   0x0000001c   Code   RO         1656    .text.vApplicationGetTimerTaskMemory  cmsis_os2.o
    0x08005850   0x08005850   0x00000016   Code   RO         1198    .text.vListInitialise  list.o
    0x08005866   0x08005866   0x00000002   PAD
    0x08005868   0x08005868   0x00000006   Code   RO         1200    .text.vListInitialiseItem  list.o
    0x0800586e   0x0800586e   0x00000002   PAD
    0x08005870   0x08005870   0x00000062   Code   RO         1204    .text.vListInsert   list.o
    0x080058d2   0x080058d2   0x00000002   PAD
    0x080058d4   0x080058d4   0x0000001a   Code   RO         1202    .text.vListInsertEnd  list.o
    0x080058ee   0x080058ee   0x00000002   PAD
    0x080058f0   0x080058f0   0x00000014   Code   RO         1703    .text.vPortEnableVFP  port.o
    0x08005904   0x08005904   0x00000046   Code   RO         1709    .text.vPortEnterCritical  port.o
    0x0800594a   0x0800594a   0x00000002   PAD
    0x0800594c   0x0800594c   0x0000002e   Code   RO         1711    .text.vPortExitCritical  port.o
    0x0800597a   0x0800597a   0x00000002   PAD
    0x0800597c   0x0800597c   0x000000de   Code   RO         1673    .text.vPortFree     heap_4.o
    0x08005a5a   0x08005a5a   0x00000002   PAD
    0x08005a5c   0x08005a5c   0x00000034   Code   RO         1701    .text.vPortSetupTimerInterrupt  port.o
    0x08005a90   0x08005a90   0x0000005e   Code   RO         1717    .text.vPortValidateInterruptPriority  port.o
    0x08005aee   0x08005aee   0x00000002   PAD
    0x08005af0   0x08005af0   0x00000058   Code   RO         1276    .text.vQueueAddToRegistry  queue.o
    0x08005b48   0x08005b48   0x00000052   Code   RO         1280    .text.vQueueWaitForMessageRestricted  queue.o
    0x08005b9a   0x08005b9a   0x00000002   PAD
    0x08005b9c   0x08005b9c   0x00000080   Code   RO         1355    .text.vTaskDelay    tasks.o
    0x08005c1c   0x08005c1c   0x000000cc   Code   RO         1349    .text.vTaskDelayUntil  tasks.o
    0x08005ce8   0x08005ce8   0x00000012   Code   RO         1405    .text.vTaskInternalSetTimeOutState  tasks.o
    0x08005cfa   0x08005cfa   0x00000002   PAD
    0x08005cfc   0x08005cfc   0x0000000e   Code   RO         1409    .text.vTaskMissedYield  tasks.o
    0x08005d0a   0x08005d0a   0x00000002   PAD
    0x08005d0c   0x08005d0c   0x00000074   Code   RO         1393    .text.vTaskPlaceOnEventList  tasks.o
    0x08005d80   0x08005d80   0x0000007a   Code   RO         1397    .text.vTaskPlaceOnEventListRestricted  tasks.o
    0x08005dfa   0x08005dfa   0x00000002   PAD
    0x08005dfc   0x08005dfc   0x000000f0   Code   RO         1373    .text.vTaskStartScheduler  tasks.o
    0x08005eec   0x08005eec   0x00000010   Code   RO         1351    .text.vTaskSuspendAll  tasks.o
    0x08005efc   0x08005efc   0x000000cc   Code   RO         1367    .text.vTaskSwitchContext  tasks.o
    0x08005fc8   0x08005fc8   0x00000188   Code   RO         1699    .text.xPortStartScheduler  port.o
    0x08006150   0x08006150   0x0000002e   Code   RO         1715    .text.xPortSysTickHandler  port.o
    0x0800617e   0x0800617e   0x00000002   PAD
    0x08006180   0x08006180   0x00000082   Code   RO         1220    .text.xQueueGenericCreate  queue.o
    0x08006202   0x08006202   0x00000002   PAD
    0x08006204   0x08006204   0x000000da   Code   RO         1218    .text.xQueueGenericCreateStatic  queue.o
    0x080062de   0x080062de   0x00000002   PAD
    0x080062e0   0x080062e0   0x000002c0   Code   RO         1232    .text.xQueueGenericSend  queue.o
    0x080065a0   0x080065a0   0x00000148   Code   RO         1244    .text.xQueueGenericSendFromISR  queue.o
    0x080066e8   0x080066e8   0x0000023e   Code   RO         1248    .text.xQueueReceive  queue.o
    0x08006926   0x08006926   0x00000002   PAD
    0x08006928   0x08006928   0x0000009a   Code   RO         1407    .text.xTaskCheckForTimeOut  tasks.o
    0x080069c2   0x080069c2   0x00000002   PAD
    0x080069c4   0x080069c4   0x00000060   Code   RO         1345    .text.xTaskCreate   tasks.o
    0x08006a24   0x08006a24   0x00000076   Code   RO         1339    .text.xTaskCreateStatic  tasks.o
    0x08006a9a   0x08006a9a   0x00000002   PAD
    0x08006a9c   0x08006a9c   0x0000001e   Code   RO         1421    .text.xTaskGetSchedulerState  tasks.o
    0x08006aba   0x08006aba   0x00000002   PAD
    0x08006abc   0x08006abc   0x0000000c   Code   RO         1381    .text.xTaskGetTickCount  tasks.o
    0x08006ac8   0x08006ac8   0x00000012   Code   RO         1383    .text.xTaskGetTickCountFromISR  tasks.o
    0x08006ada   0x08006ada   0x00000002   PAD
    0x08006adc   0x08006adc   0x00000104   Code   RO         1379    .text.xTaskIncrementTick  tasks.o
    0x08006be0   0x08006be0   0x0000008e   Code   RO         1425    .text.xTaskPriorityDisinherit  tasks.o
    0x08006c6e   0x08006c6e   0x00000002   PAD
    0x08006c70   0x08006c70   0x00000072   Code   RO         1399    .text.xTaskRemoveFromEventList  tasks.o
    0x08006ce2   0x08006ce2   0x00000002   PAD
    0x08006ce4   0x08006ce4   0x000000ee   Code   RO         1353    .text.xTaskResumeAll  tasks.o
    0x08006dd2   0x08006dd2   0x00000002   PAD
    0x08006dd4   0x08006dd4   0x000000b4   Code   RO         1458    .text.xTimerCreateTimerTask  timers.o
    0x08006e88   0x08006e88   0x0000002c   Code   RO         1907    locale$$code        c_w.l(lc_ctype_c.o)
    0x08006eb4   0x08006eb4   0x0000001a   Code   RO         1995    x$fpl$fpinit        fz_wm.l(fpinit.o)
    0x08006ece   0x08006ece   0x00000010   Data   RO         1151    .rodata.AHBPrescTable  system_stm32f4xx.o
    0x08006ede   0x08006ede   0x00000008   Data   RO         1152    .rodata.APBPrescTable  system_stm32f4xx.o
    0x08006ee6   0x08006ee6   0x00000002   PAD
    0x08006ee8   0x08006ee8   0x00000018   Data   RO           59    .rodata.PWM_Step_attributes  freertos.o
    0x08006f00   0x08006f00   0x00000018   Data   RO           58    .rodata.Usart_Rx_attributes  freertos.o
    0x08006f18   0x08006f18   0x00000008   Data   RO         1734    .rodata.afont16x8   font.o
    0x08006f20   0x08006f20   0x000005f0   Data   RO         1733    .rodata.ascii_16x8  font.o
    0x08007510   0x08007510   0x00000008   Data   RO          672    .rodata.cst8        stm32f4xx_hal_dma.o
    0x08007518   0x08007518   0x00000024   Data   RO           54    .rodata.defaultTask_attributes  freertos.o
    0x0800753c   0x0800753c   0x00000010   Data   RO         1738    .rodata.font16x16   font.o
    0x0800754c   0x0800754c   0x00000024   Data   RO           55    .rodata.myTask02_attributes  freertos.o
    0x08007570   0x08007570   0x00000024   Data   RO           56    .rodata.myTask03_attributes  freertos.o
    0x08007594   0x08007594   0x00000024   Data   RO           57    .rodata.myTask04_attributes  freertos.o
    0x080075b8   0x080075b8   0x00000039   Data   RO           53    .rodata.str1.1      freertos.o
    0x080075f1   0x080075f1   0x00000005   Data   RO         1498    .rodata.str1.1      timers.o
    0x080075f6   0x080075f6   0x0000006c   Data   RO         1737    .rodata.zh16x16     font.o
    0x08007662   0x08007662   0x00000002   PAD
    0x08007664   0x08007664   0x00000020   Data   RO         2056    Region$$Table       anon$$obj.o
    0x08007684   0x08007684   0x00000110   Data   RO         1906    locale$$data        c_w.l(lc_ctype_c.o)


    Execution Region RW_IRAM1 (Exec base: 0x20000000, Load base: 0x08007798, Size: 0x00005718, Max: 0x0001c000, ABSOLUTE)

    Exec Addr    Load Addr    Size         Type   Attr      Idx    E Section Name        Object

    0x20000000   0x08007798   0x00000008   Data   RW          850    .data..L_MergedGlobals  stm32f4xx_hal.o
    0x20000008   0x080077a0   0x00000004   Data   RW         1150    .data.SystemCoreClock  system_stm32f4xx.o
    0x2000000c   0x080077a4   0x00000004   Data   RW         1719    .data.uxCriticalNesting  port.o
    0x20000010        -       0x00000060   Zero   RW         1874    .bss                c_w.l(libspace.o)
    0x20000070        -       0x00000018   Zero   RW           60    .bss..L_MergedGlobals  freertos.o
    0x20000088        -       0x00000078   Zero   RW         1448    .bss..L_MergedGlobals  tasks.o
    0x20000100        -       0x0000003c   Zero   RW         1499    .bss..L_MergedGlobals  timers.o
    0x2000013c        -       0x00000020   Zero   RW         1684    .bss..L_MergedGlobals  heap_4.o
    0x2000015c        -       0x00000008   Zero   RW         1720    .bss..L_MergedGlobals  port.o
    0x20000164        -       0x00000028   Zero   RW         1449    .bss..L_MergedGlobals.2  tasks.o
    0x2000018c        -       0x00000004   Zero   RW         1658    .bss.KernelState    cmsis_os2.o
    0x20000190        -       0x00000400   Zero   RW         1801    .bss.OLED_GRAM      oled.o
    0x20000590        -       0x00000002   Zero   RW         1800    .bss.OLED_SendCmd.sendBuffer  oled.o
    0x20000592        -       0x00000081   Zero   RW         1802    .bss.OLED_ShowFrame.sendBuffer  oled.o
    0x20000613   0x080077a8   0x00000001   PAD
    0x20000614        -       0x00000060   Zero   RW          120    .bss.hdma_usart1_rx  usart.o
    0x20000674        -       0x00000060   Zero   RW          121    .bss.hdma_usart1_tx  usart.o
    0x200006d4        -       0x00000054   Zero   RW           84    .bss.hi2c2          i2c.o
    0x20000728        -       0x00000048   Zero   RW          104    .bss.htim10         tim.o
    0x20000770        -       0x00000048   Zero   RW          103    .bss.htim2          tim.o
    0x200007b8        -       0x00000048   Zero   RW          172    .bss.htim7          stm32f4xx_hal_timebase_tim.o
    0x20000800        -       0x00000048   Zero   RW          119    .bss.huart1         usart.o
    0x20000848        -       0x000000a0   Zero   RW         1497    .bss.prvCheckForValidListAndQueue.ucStaticTimerQueueStorage  timers.o
    0x200008e8        -       0x00000050   Zero   RW         1496    .bss.prvCheckForValidListAndQueue.xStaticTimerQueue  timers.o
    0x20000938        -       0x00000460   Zero   RW         1447    .bss.pxReadyTasksLists  tasks.o
    0x20000d98        -       0x00000080   Zero   RW           23    .bss.rx_buffer      main.o
    0x20000e18        -       0x00000002   Zero   RW           24    .bss.rx_data_len    main.o
    0x20000e1a        -       0x00003c00   Zero   RW         1683    .bss.ucHeap         heap_4.o
    0x20004a1a   0x080077a8   0x00000002   PAD
    0x20004a1c        -       0x00000004   Zero   RW          849    .bss.uwTick         stm32f4xx_hal.o
    0x20004a20        -       0x00000200   Zero   RW         1660    .bss.vApplicationGetIdleTaskMemory.Idle_Stack  cmsis_os2.o
    0x20004c20        -       0x0000005c   Zero   RW         1659    .bss.vApplicationGetIdleTaskMemory.Idle_TCB  cmsis_os2.o
    0x20004c7c        -       0x00000400   Zero   RW         1662    .bss.vApplicationGetTimerTaskMemory.Timer_Stack  cmsis_os2.o
    0x2000507c        -       0x0000005c   Zero   RW         1661    .bss.vApplicationGetTimerTaskMemory.Timer_TCB  cmsis_os2.o
    0x200050d8        -       0x00000040   Zero   RW         1282    .bss.xQueueRegistry  queue.o
    0x20005118        -       0x00000200   Zero   RW            2    HEAP                startup_stm32f405xx.o
    0x20005318        -       0x00000400   Zero   RW            1    STACK               startup_stm32f405xx.o


    Execution Region RW_IRAM2 (Exec base: 0x2001c000, Load base: 0x080077a8, Size: 0x00000000, Max: 0x00004000, ABSOLUTE)

    **** No section assigned to this execution region ****


==============================================================================

Image component sizes


      Code (inc. data)   RO Data    RW Data    ZI Data      Debug   Object Name

       526          0          0          0       1724      43308   cmsis_os2.o
        72          0          0          0          0       3426   dma.o
         0          0       1652          0          0       1230   font.o
       644         68        249          0         24       6037   freertos.o
       150          0          0          0          0       2168   gpio.o
       710          0          0          0      15392       5882   heap_4.o
       184          0          0          0         84       5248   i2c.o
       186          0          0          0          0       2359   list.o
       532          4          0          0        130       8685   main.o
      3324          0          0          0       1155      33545   oled.o
       994         16          0          4          8       4388   port.o
      2240          0          0          0         64      30813   queue.o
        64         26        392          0       1536        844   startup_stm32f405xx.o
       132          0          0          8          4       7267   stm32f4xx_hal.o
       152          0          0          0          0      10685   stm32f4xx_hal_cortex.o
      1146          6          8          0          0      10585   stm32f4xx_hal_dma.o
       424          0          0          0          0       5447   stm32f4xx_hal_gpio.o
      1876          0          0          0          0      44608   stm32f4xx_hal_i2c.o
        66          0          0          0          0       3490   stm32f4xx_hal_msp.o
      1544          4          0          0          0       7562   stm32f4xx_hal_rcc.o
      1978          6          0          0          0      58408   stm32f4xx_hal_tim.o
       190          0          0          0          0      21945   stm32f4xx_hal_tim_ex.o
       178          0          0          0         72       7214   stm32f4xx_hal_timebase_tim.o
      3602          0          0          0          0      32690   stm32f4xx_hal_uart.o
        60          0          0          0          0       5694   stm32f4xx_it.o
        18          0         24          4          0       2608   system_stm32f4xx.o
      3288          8          0          0       1280      44757   tasks.o
       412          0          0          0        144       6705   tim.o
      1070         18          5          0        300      16635   timers.o
       354          0          0          0        264       7089   usart.o

    ----------------------------------------------------------------------
     26316        176       2366         16      22184     441322   Object Totals
         0          0         32          0          0          0   (incl. Generated)
       200         20          4          0          3          0   (incl. Padding)

    ----------------------------------------------------------------------

      Code (inc. data)   RO Data    RW Data    ZI Data      Debug   Library Member Name

         8          0          0          0          0         68   __main.o
         0          0          0          0          0          0   __rtentry.o
        12          0          0          0          0          0   __rtentry2.o
         6          0          0          0          0          0   __rtentry4.o
        94          8          0          0          0          0   __scatter.o
        26          0          0          0          0          0   __scatter_copy.o
        28          0          0          0          0          0   __scatter_zi.o
        28          0          0          0          0         68   _chval.o
       158          0          0          0          0         92   _strtoul.o
        16          0          0          0          0         68   aeabi_memset4.o
        26          0          0          0          0         80   atoi.o
        18          0          0          0          0         80   exit.o
         6          0          0          0          0        152   heapauxi.o
         0          0          0          0          0          0   indicate_semi.o
        44         10        272          0          0         76   lc_ctype_c.o
         2          0          0          0          0          0   libinit.o
        24          0          0          0          0          0   libinit2.o
         2          0          0          0          0          0   libshutdown.o
         2          0          0          0          0          0   libshutdown2.o
         8          4          0          0         96         68   libspace.o
       240          0          0          0          0        100   lludivv7m.o
        88          0          0          0          0         76   memcmp.o
        16          4          0          0          0         76   rt_ctype_table.o
         8          4          0          0          0         68   rt_errno_addr_intlibspace.o
         8          4          0          0          0         68   rt_locale_intlibspace.o
        78          0          0          0          0         80   rt_memclr_w.o
       138          0          0          0          0         68   rt_memcpy_v6.o
       100          0          0          0          0         80   rt_memcpy_w.o
         2          0          0          0          0          0   rtexit.o
        10          0          0          0          0          0   rtexit2.o
       124          0          0          0          0         88   strcmpv7em.o
        62          0          0          0          0         76   strlen.o
        36          0          0          0          0         80   strstr.o
       112          0          0          0          0         88   strtol.o
        12          4          0          0          0         68   sys_exit.o
        74          0          0          0          0         80   sys_stackheap_outer.o
         2          0          0          0          0         68   use_no_semi.o
        26          0          0          0          0        116   fpinit.o

    ----------------------------------------------------------------------
      1658         38        272          0         96       2032   Library Totals
        14          0          0          0          0          0   (incl. Padding)

    ----------------------------------------------------------------------

      Code (inc. data)   RO Data    RW Data    ZI Data      Debug   Library Name

      1618         38        272          0         96       1916   c_w.l
        26          0          0          0          0        116   fz_wm.l

    ----------------------------------------------------------------------
      1658         38        272          0         96       2032   Library Totals

    ----------------------------------------------------------------------

==============================================================================


      Code (inc. data)   RO Data    RW Data    ZI Data      Debug   

     27974        214       2638         16      22280     441842   Grand Totals
     27974        214       2638         16      22280     441842   ELF Image Totals
     27974        214       2638         16          0          0   ROM Totals

==============================================================================

    Total RO  Size (Code + RO Data)                30612 (  29.89kB)
    Total RW  Size (RW Data + ZI Data)             22296 (  21.77kB)
    Total ROM Size (Code + RO Data + RW Data)      30628 (  29.91kB)

==============================================================================

